Component: ARM Compiler 5.06 update 7 (build 960) Tool: armlink [4d3601]

==============================================================================

Section Cross References

    startup_stm32f0xx.o(STACK) refers (Special) to heapauxi.o(.text) for __use_two_region_memory
    startup_stm32f0xx.o(HEAP) refers (Special) to heapauxi.o(.text) for __use_two_region_memory
    startup_stm32f0xx.o(RESET) refers (Special) to heapauxi.o(.text) for __use_two_region_memory
    startup_stm32f0xx.o(RESET) refers to startup_stm32f0xx.o(STACK) for __initial_sp
    startup_stm32f0xx.o(RESET) refers to startup_stm32f0xx.o(.text) for Reset_Handler
    startup_stm32f0xx.o(RESET) refers to stm32f0xx_it.o(i.NMI_Handler) for NMI_Handler
    startup_stm32f0xx.o(RESET) refers to stm32f0xx_it.o(i.HardFault_Handler) for HardFault_Handler
    startup_stm32f0xx.o(RESET) refers to stm32f0xx_it.o(i.SVC_Handler) for SVC_Handler
    startup_stm32f0xx.o(RESET) refers to stm32f0xx_it.o(i.PendSV_Handler) for PendSV_Handler
    startup_stm32f0xx.o(RESET) refers to stm32f0xx_it.o(i.SysTick_Handler) for SysTick_Handler
    startup_stm32f0xx.o(RESET) refers to rtc.o(i.RTC_IRQHandler) for RTC_IRQHandler
    startup_stm32f0xx.o(RESET) refers to stm32f0xx_it.o(i.EXTI0_1_IRQHandler) for EXTI0_1_IRQHandler
    startup_stm32f0xx.o(RESET) refers to stm32f0xx_it.o(i.EXTI2_3_IRQHandler) for EXTI2_3_IRQHandler
    startup_stm32f0xx.o(RESET) refers to stm32f0xx_it.o(i.EXTI4_15_IRQHandler) for EXTI4_15_IRQHandler
    startup_stm32f0xx.o(RESET) refers to system_init.o(i.TIM17_IRQHandler) for TIM17_IRQHandler
    startup_stm32f0xx.o(RESET) refers to stm32f0xx_it.o(i.USART1_IRQHandler) for USART1_IRQHandler
    startup_stm32f0xx.o(RESET) refers to stm32f0xx_it.o(i.USART2_IRQHandler) for USART2_IRQHandler
    startup_stm32f0xx.o(.text) refers (Special) to heapauxi.o(.text) for __use_two_region_memory
    startup_stm32f0xx.o(.text) refers to system_stm32f0xx.o(i.SystemInit) for SystemInit
    startup_stm32f0xx.o(.text) refers to __main.o(!!!main) for __main
    startup_stm32f0xx.o(.text) refers to startup_stm32f0xx.o(HEAP) for Heap_Mem
    startup_stm32f0xx.o(.text) refers to startup_stm32f0xx.o(STACK) for Stack_Mem
    stm32f0xx_it.o(i.EXTI0_1_IRQHandler) refers to stm32f0xx_exti.o(i.EXTI_GetITStatus) for EXTI_GetITStatus
    stm32f0xx_it.o(i.EXTI0_1_IRQHandler) refers to stm32f0xx_exti.o(i.EXTI_ClearITPendingBit) for EXTI_ClearITPendingBit
    stm32f0xx_it.o(i.EXTI0_1_IRQHandler) refers to chargerloadfunc.o(.data) for ChargerLoad_Func
    stm32f0xx_it.o(i.EXTI2_3_IRQHandler) refers to stm32f0xx_exti.o(i.EXTI_GetITStatus) for EXTI_GetITStatus
    stm32f0xx_it.o(i.EXTI2_3_IRQHandler) refers to stm32f0xx_exti.o(i.EXTI_ClearITPendingBit) for EXTI_ClearITPendingBit
    stm32f0xx_it.o(i.EXTI4_15_IRQHandler) refers to stm32f0xx_exti.o(i.EXTI_GetITStatus) for EXTI_GetITStatus
    stm32f0xx_it.o(i.EXTI4_15_IRQHandler) refers to aeabi_sdiv.o(.text) for __aeabi_uidivmod
    stm32f0xx_it.o(i.EXTI4_15_IRQHandler) refers to pubfunc.o(i.Delay_Base10us) for Delay_Base10us
    stm32f0xx_it.o(i.EXTI4_15_IRQHandler) refers to system_monitor.o(i.System_ERROR_UserCallback) for System_ERROR_UserCallback
    stm32f0xx_it.o(i.EXTI4_15_IRQHandler) refers to stm32f0xx_exti.o(i.EXTI_ClearITPendingBit) for EXTI_ClearITPendingBit
    stm32f0xx_it.o(i.EXTI4_15_IRQHandler) refers to datadeal.o(.bss) for OtherElement
    stm32f0xx_it.o(i.EXTI4_15_IRQHandler) refers to system_init.o(.data) for CBC_Element
    stm32f0xx_it.o(i.USART1_IRQHandler) refers to stm32f0xx_usart.o(i.USART_GetITStatus) for USART_GetITStatus
    stm32f0xx_it.o(i.USART1_IRQHandler) refers to sci_upper.o(i.Sci1_CommonUpper_FaultChk) for Sci1_CommonUpper_FaultChk
    stm32f0xx_it.o(i.USART1_IRQHandler) refers to sci_upper.o(i.Sci1_CommonUpper_Rx_Deal) for Sci1_CommonUpper_Rx_Deal
    stm32f0xx_it.o(i.USART1_IRQHandler) refers to sleepdeal.o(.data) for RTC_ExtComCnt
    stm32f0xx_it.o(i.USART1_IRQHandler) refers to sci_upper.o(.bss) for g_stCurrentMsgPtr_SCI1
    stm32f0xx_it.o(i.USART2_IRQHandler) refers to stm32f0xx_usart.o(i.USART_GetITStatus) for USART_GetITStatus
    stm32f0xx_it.o(i.USART2_IRQHandler) refers to sci_upper.o(i.Sci2_CommonUpper_FaultChk) for Sci2_CommonUpper_FaultChk
    stm32f0xx_it.o(i.USART2_IRQHandler) refers to sci_upper.o(i.Sci2_CommonUpper_Rx_Deal) for Sci2_CommonUpper_Rx_Deal
    stm32f0xx_it.o(i.USART2_IRQHandler) refers to sleepdeal.o(.data) for RTC_ExtComCnt
    stm32f0xx_it.o(i.USART2_IRQHandler) refers to sci_upper.o(.bss) for g_stCurrentMsgPtr_SCI2
    system_stm32f0xx.o(i.SetSysClock) refers to system_stm32f0xx.o(.data) for .data
    system_stm32f0xx.o(i.SystemCoreClockUpdate) refers to aeabi_sdiv.o(.text) for __aeabi_uidivmod
    system_stm32f0xx.o(i.SystemCoreClockUpdate) refers to system_stm32f0xx.o(.data) for .data
    system_stm32f0xx.o(i.SystemInit) refers to system_stm32f0xx.o(i.SetSysClock) for SetSysClock
    adc.o(i.ADC_TTC) refers to pubfunc.o(i.GetEndValue) for GetEndValue
[...]
    Init_IAPAPP                              0x08008071   Thumb Code    40  flash.o(i.Init_IAPAPP)
    Init_IWDG                                0x080080a1   Thumb Code    38  system_init.o(i.Init_IWDG)
    Init_RTC                                 0x080080cd   Thumb Code    26  rtc.o(i.Init_RTC)
    Init_RTC_HaltWakeUp                      0x080080ed   Thumb Code    16  rtc.o(i.Init_RTC_HaltWakeUp)
    Init_Registers                           0x080080fd   Thumb Code    22  datadeal.o(i.Init_Registers)
    InitialisebqMaximo                       0x08008119   Thumb Code   256  i2c_afe1.o(i.InitialisebqMaximo)
    IsSleepStartUp                           0x08008235   Thumb Code   150  sleepdeal.o(i.IsSleepStartUp)
    LogEvent_EEPROM                          0x080082d9   Thumb Code    92  logrecord.o(i.LogEvent_EEPROM)
    LogEvent_Record                          0x0800833d   Thumb Code   128  logrecord.o(i.LogEvent_Record)
    LogTime_Map                              0x080083c9   Thumb Code    48  logrecord.o(i.LogTime_Map)
    MonitorAFE                               0x080083fd   Thumb Code   334  datadeal.o(i.MonitorAFE)
    Monitor_TempBreak                        0x0800855d   Thumb Code    98  pubfunc.o(i.Monitor_TempBreak)
    MosCtrl_SameDoor_NoPreChg                0x080085c5   Thumb Code  1210  iodrivers_030.o(i.MosCtrl_SameDoor_NoPreChg)
    NMI_Handler                              0x08008a85   Thumb Code     2  stm32f0xx_it.o(i.NMI_Handler)
    NVIC_Init                                0x08008a89   Thumb Code    72  stm32f0xx_misc.o(i.NVIC_Init)
    PWR_BackupAccessCmd                      0x08008af1   Thumb Code    24  stm32f0xx_pwr.o(i.PWR_BackupAccessCmd)
    PWR_EnterSTOPMode                        0x08008b0d   Thumb Code    60  stm32f0xx_pwr.o(i.PWR_EnterSTOPMode)
    PendSV_Handler                           0x08008b51   Thumb Code     2  stm32f0xx_it.o(i.PendSV_Handler)
    RCC_AHBPeriphClockCmd                    0x08008b55   Thumb Code    22  stm32f0xx_rcc.o(i.RCC_AHBPeriphClockCmd)
    RCC_APB1PeriphClockCmd                   0x08008b71   Thumb Code    22  stm32f0xx_rcc.o(i.RCC_APB1PeriphClockCmd)
    RCC_APB2PeriphClockCmd                   0x08008b8d   Thumb Code    22  stm32f0xx_rcc.o(i.RCC_APB2PeriphClockCmd)
    RCC_APB2PeriphResetCmd                   0x08008ba9   Thumb Code    22  stm32f0xx_rcc.o(i.RCC_APB2PeriphResetCmd)
    RCC_GetClocksFreq                        0x08008bc5   Thumb Code   374  stm32f0xx_rcc.o(i.RCC_GetClocksFreq)
    RCC_GetFlagStatus                        0x08008d59   Thumb Code    50  stm32f0xx_rcc.o(i.RCC_GetFlagStatus)
    RCC_LSEConfig                            0x08008d91   Thumb Code    26  stm32f0xx_rcc.o(i.RCC_LSEConfig)
    RCC_LSICmd                               0x08008db1   Thumb Code    26  stm32f0xx_rcc.o(i.RCC_LSICmd)
    RCC_RTCCLKCmd                            0x08008dd1   Thumb Code    26  stm32f0xx_rcc.o(i.RCC_RTCCLKCmd)
    RCC_RTCCLKConfig                         0x08008df1   Thumb Code    10  stm32f0xx_rcc.o(i.RCC_RTCCLKConfig)
    RTC_AlarmCmd                             0x08008e01   Thumb Code    80  stm32f0xx_rtc.o(i.RTC_AlarmCmd)
    RTC_AlarmConfig                          0x08008e55   Thumb Code   118  rtc.o(i.RTC_AlarmConfig)
    RTC_ClearITPendingBit                    0x08008ef9   Thumb Code    22  stm32f0xx_rtc.o(i.RTC_ClearITPendingBit)
    RTC_ClockConfig                          0x08008f15   Thumb Code   184  rtc.o(i.RTC_ClockConfig)
    RTC_EnterInitMode                        0x08008fd5   Thumb Code    62  stm32f0xx_rtc.o(i.RTC_EnterInitMode)
    RTC_ExitInitMode                         0x08009019   Thumb Code    12  stm32f0xx_rtc.o(i.RTC_ExitInitMode)
    RTC_GetITStatus                          0x08009029   Thumb Code    54  stm32f0xx_rtc.o(i.RTC_GetITStatus)
    RTC_IRQHandler                           0x08009065   Thumb Code    52  rtc.o(i.RTC_IRQHandler)
    RTC_ITConfig                             0x080090a1   Thumb Code    60  stm32f0xx_rtc.o(i.RTC_ITConfig)
    RTC_Init                                 0x080090e1   Thumb Code    68  stm32f0xx_rtc.o(i.RTC_Init)
    RTC_SetAlarm                             0x08009129   Thumb Code   166  stm32f0xx_rtc.o(i.RTC_SetAlarm)
    RTC_SetDate                              0x080091d5   Thumb Code   156  stm32f0xx_rtc.o(i.RTC_SetDate)
    RTC_SetTime                              0x08009279   Thumb Code   154  stm32f0xx_rtc.o(i.RTC_SetTime)
    RTC_TimeConfig                           0x0800931d   Thumb Code    68  rtc.o(i.RTC_TimeConfig)
    RTC_WaitForSynchro                       0x08009369   Thumb Code    76  stm32f0xx_rtc.o(i.RTC_WaitForSynchro)
    ReadEEPROM_Byte                          0x080093b9   Thumb Code   132  eeprom.o(i.ReadEEPROM_Byte)
    ReadEEPROM_ByteData_StartUp              0x0800943d   Thumb Code   566  eeprom.o(i.ReadEEPROM_ByteData_StartUp)
    ReadEEPROM_EventRecord_Parameters        0x080096b5   Thumb Code   108  logrecord.o(i.ReadEEPROM_EventRecord_Parameters)
    ReadEEPROM_Word_NoZone                   0x0800972d   Thumb Code    26  eeprom.o(i.ReadEEPROM_Word_NoZone)
    ReadEEPROM_Word_WithZone                 0x08009747   Thumb Code   166  eeprom.o(i.ReadEEPROM_Word_WithZone)
    RefreshData_Drivers                      0x080097ed   Thumb Code   302  io_control.o(i.RefreshData_Drivers)
    RefreshData_SOC                          0x0800993d   Thumb Code    22  soc.o(i.RefreshData_SOC)
    SOC_Cont_AH_Int_CHG                      0x0800995d   Thumb Code   258  socintegral_030.o(i.SOC_Cont_AH_Int_CHG)
    SOC_Cont_AH_Int_DSG                      0x08009a75   Thumb Code   270  socintegral_030.o(i.SOC_Cont_AH_Int_DSG)
    SOC_DealEEPROM_Data                      0x08009b99   Thumb Code   468  socintegral_030.o(i.SOC_DealEEPROM_Data)
    SOC_EEPROM_Deal_Monitor                  0x08009d81   Thumb Code   316  socintegral_030.o(i.SOC_EEPROM_Deal_Monitor)
    SOC_IntEnhance_Ctrl                      0x08009ed1   Thumb Code    84  socintegral_030.o(i.SOC_IntEnhance_Ctrl)
    SOC_RefreshData_Monitor                  0x08009f29   Thumb Code    84  socintegral_030.o(i.SOC_RefreshData_Monitor)
    SOC_Result_Pass                          0x08009f95   Thumb Code   158  socintegral_030.o(i.SOC_Result_Pass)
    SOC_State_Transfer                       0x0800a041   Thumb Code   178  socintegral_030.o(i.SOC_State_Transfer)
    SOC_Update_StartUp                       0x0800a109   Thumb Code   372  socintegral_030.o(i.SOC_Update_StartUp)
    SVC_Handler                              0x0800a29d   Thumb Code     2  stm32f0xx_it.o(i.SVC_Handler)
    SYSCFG_EXTILineConfig                    0x0800a2a1   Thumb Code    34  stm32f0xx_syscfg.o(i.SYSCFG_EXTILineConfig)
    SYSCFG_MemoryRemapConfig                 0x0800a2c9   Thumb Code    14  stm32f0xx_syscfg.o(i.SYSCFG_MemoryRemapConfig)
    Sci1_CommonUpper_FaultChk                0x0800a2dd   Thumb Code    92  sci_upper.o(i.Sci1_CommonUpper_FaultChk)
    Sci1_CommonUpper_Rx_Deal                 0x0800a341   Thumb Code   200  sci_upper.o(i.Sci1_CommonUpper_Rx_Deal)
    Sci1_CommonUpper_Tx_Deal                 0x0800a40d   Thumb Code   132  sci_upper.o(i.Sci1_CommonUpper_Tx_Deal)
    Sci2_CommonUpper_FaultChk                0x0800a49d   Thumb Code    92  sci_upper.o(i.Sci2_CommonUpper_FaultChk)
    Sci2_CommonUpper_Rx_Deal                 0x0800a501   Thumb Code   200  sci_upper.o(i.Sci2_CommonUpper_Rx_Deal)
    Sci2_CommonUpper_Tx_Deal                 0x0800a5cd   Thumb Code   132  sci_upper.o(i.Sci2_CommonUpper_Tx_Deal)
    Sci_ACK_0x03                             0x0800a65d   Thumb Code   230  sci_upper.o(i.Sci_ACK_0x03)
    Sci_ACK_0x03_RW_Data_Cali                0x0800a749   Thumb Code    54  sci_upper.o(i.Sci_ACK_0x03_RW_Data_Cali)
    Sci_ACK_0x03_RW_Data_Other               0x0800a789   Thumb Code   162  sci_upper.o(i.Sci_ACK_0x03_RW_Data_Other)
    Sci_ACK_0x03_RW_Data_OtherCanAdd         0x0800a845   Thumb Code    66  sci_upper.o(i.Sci_ACK_0x03_RW_Data_OtherCanAdd)
    Sci_ACK_0x03_RW_Data_Pro                 0x0800a891   Thumb Code    36  sci_upper.o(i.Sci_ACK_0x03_RW_Data_Pro)
    Sci_ACK_0x03_ReadRegs_Data               0x0800a8b9   Thumb Code   578  sci_upper.o(i.Sci_ACK_0x03_ReadRegs_Data)
    Sci_ACK_0x03_ReadRegs_EventRecord        0x0800ab25   Thumb Code    56  logrecord.o(i.Sci_ACK_0x03_ReadRegs_EventRecord)
    Sci_ACK_0x03_ReadRegs_LCD                0x0800ab65   Thumb Code   306  sci_upper.o(i.Sci_ACK_0x03_ReadRegs_LCD)
    Sci_ACK_0x06_0x10                        0x0800acb1   Thumb Code    72  sci_upper.o(i.Sci_ACK_0x06_0x10)
    Sci_CRC16RTU                             0x0800acf9   Thumb Code    44  pubfunc.o(i.Sci_CRC16RTU)
    Sci_DataInit                             0x0800ad2d   Thumb Code    44  sci_upper.o(i.Sci_DataInit)
    Sci_Deal_ReadRegs_0x03                   0x0800ad5d   Thumb Code   144  sci_upper.o(i.Sci_Deal_ReadRegs_0x03)
    Sci_Deal_WrReg_0x06                      0x0800adf1   Thumb Code   140  sci_upper.o(i.Sci_Deal_WrReg_0x06)
    Sci_Deal_WrRegs_0x10                     0x0800ae85   Thumb Code   382  sci_upper.o(i.Sci_Deal_WrRegs_0x10)
    Sci_WrReg_0x06_BMS_FunctionOFF           0x0800b015   Thumb Code    66  sci_upper.o(i.Sci_WrReg_0x06_BMS_FunctionOFF)
    Sci_WrReg_0x06_BMS_FunctionON            0x0800b061   Thumb Code   234  sci_upper.o(i.Sci_WrReg_0x06_BMS_FunctionON)
    Sci_WrReg_0x06_Reset_CalibCoef           0x0800b165   Thumb Code   266  sci_upper.o(i.Sci_WrReg_0x06_Reset_CalibCoef)
    Sci_WrReg_0x06_Reset_EventRecord         0x0800b27d   Thumb Code    56  logrecord.o(i.Sci_WrReg_0x06_Reset_EventRecord)
    Sci_WrReg_0x06_Reset_HeatCool            0x0800b2bd   Thumb Code    70  sci_upper.o(i.Sci_WrReg_0x06_Reset_HeatCool)
    Sci_WrReg_0x06_Reset_OtherCanAdd         0x0800b315   Thumb Code   114  sci_upper.o(i.Sci_WrReg_0x06_Reset_OtherCanAdd)
    Sci_WrReg_0x06_Reset_ProtectElement      0x0800b3a1   Thumb Code    86  sci_upper.o(i.Sci_WrReg_0x06_Reset_ProtectElement)
    Sci_WrReg_0x06_Reset_ProtectRecord       0x0800b411   Thumb Code    78  sci_upper.o(i.Sci_WrReg_0x06_Reset_ProtectRecord)
    Sci_WrReg_0x06_SetSocOnce                0x0800b485   Thumb Code    32  sci_upper.o(i.Sci_WrReg_0x06_SetSocOnce)
    Sci_WrReg_0x06_SwitchOFF                 0x0800b4a9   Thumb Code     2  sci_upper.o(i.Sci_WrReg_0x06_SwitchOFF)
    Sci_WrReg_0x06_SwitchON                  0x0800b4ab   Thumb Code     2  sci_upper.o(i.Sci_WrReg_0x06_SwitchON)
    Sci_WrRegs_0x10_Balance                  0x0800b4ad   Thumb Code    88  sci_upper.o(i.Sci_WrRegs_0x10_Balance)
    Sci_WrRegs_0x10_CalibCoef                0x0800b50d   Thumb Code   134  sci_upper.o(i.Sci_WrRegs_0x10_CalibCoef)
    Sci_WrRegs_0x10_CopperLoss               0x0800b5b1   Thumb Code     2  sci_upper.o(i.Sci_WrRegs_0x10_CopperLoss)
    Sci_WrRegs_0x10_FlashConnect             0x0800b5b5   Thumb Code    52  sci_upper.o(i.Sci_WrRegs_0x10_FlashConnect)
    Sci_WrRegs_0x10_HeatCoolElement          0x0800b5f1   Thumb Code    64  sci_upper.o(i.Sci_WrRegs_0x10_HeatCoolElement)
    Sci_WrRegs_0x10_Protect                  0x0800b63d   Thumb Code   112  sci_upper.o(i.Sci_WrRegs_0x10_Protect)
    Sci_WrRegs_0x10_RTC                      0x0800b6c1   Thumb Code     2  sci_upper.o(i.Sci_WrRegs_0x10_RTC)
    Sci_WrRegs_0x10_SN_Version               0x0800b6c5   Thumb Code   170  sci_upper.o(i.Sci_WrRegs_0x10_SN_Version)
    Sci_WrRegs_0x10_SleepElement             0x0800b779   Thumb Code    96  sci_upper.o(i.Sci_WrRegs_0x10_SleepElement)
    Sci_WrRegs_0x10_SocElement               0x0800b7e1   Thumb Code    90  sci_upper.o(i.Sci_WrRegs_0x10_SocElement)
    Sci_WrRegs_0x10_SocTable                 0x0800b849   Thumb Code     2  sci_upper.o(i.Sci_WrRegs_0x10_SocTable)
    Sci_WrRegs_0x10_SysOther                 0x0800b84d   Thumb Code    84  sci_upper.o(i.Sci_WrRegs_0x10_SysOther)
    Sci_WrRegs_0x10_SystemElement            0x0800b8a9   Thumb Code   112  sci_upper.o(i.Sci_WrRegs_0x10_SystemElement)
    SleepDeal_CBC                            0x0800b999   Thumb Code    68  sleepdeal.o(i.SleepDeal_CBC)
    SleepDeal_Continue                       0x0800b9e1   Thumb Code   216  sleepdeal.o(i.SleepDeal_Continue)
    SleepDeal_Forced                         0x0800bac5   Thumb Code    78  sleepdeal.o(i.SleepDeal_Forced)
    SleepDeal_Normal_L1                      0x0800bb19   Thumb Code   218  sleepdeal.o(i.SleepDeal_Normal_L1)
    SleepDeal_Normal_L2                      0x0800bc01   Thumb Code   220  sleepdeal.o(i.SleepDeal_Normal_L2)
    SleepDeal_Normal_L3                      0x0800bce9   Thumb Code   192  sleepdeal.o(i.SleepDeal_Normal_L3)
    SleepDeal_Normal_Select                  0x0800bdb5   Thumb Code   118  sleepdeal.o(i.SleepDeal_Normal_Select)
    SleepDeal_OverCurrent                    0x0800be3d   Thumb Code    68  sleepdeal.o(i.SleepDeal_OverCurrent)
    SleepDeal_Shift                          0x0800be85   Thumb Code   116  sleepdeal.o(i.SleepDeal_Shift)
    SleepDeal_Test                           0x0800bf01   Thumb Code    40  sleepdeal.o(i.SleepDeal_Test)
    SleepDeal_VcellOVP                       0x0800bf2d   Thumb Code     2  sleepdeal.o(i.SleepDeal_VcellOVP)
    SleepDeal_VcellUVP                       0x0800bf31   Thumb Code    66  sleepdeal.o(i.SleepDeal_VcellUVP)
    SleepDeal_Vdelta                         0x0800bf79   Thumb Code     2  sleepdeal.o(i.SleepDeal_Vdelta)
    SysTick_Handler                          0x0800bf7b   Thumb Code     2  stm32f0xx_it.o(i.SysTick_Handler)
    Sys_FindProtectFilterMax                 0x0800bf7d   Thumb Code    52  system_monitor.o(i.Sys_FindProtectFilterMax)
    Sys_FindProtectFilterMax_Real            0x0800bfb9   Thumb Code    52  bq769x0_func.o(i.Sys_FindProtectFilterMax_Real)
    Sys_StopMode                             0x0800bff5   Thumb Code    12  sleepdeal.o(i.Sys_StopMode)
    SystemInit                               0x0800c001   Thumb Code    84  system_stm32f0xx.o(i.SystemInit)
    SystemMonitorResetData_EEPROM            0x0800c061   Thumb Code    94  system_monitor.o(i.SystemMonitorResetData_EEPROM)
    System_ERROR_UserCallback                0x0800c0c9   Thumb Code   474  system_monitor.o(i.System_ERROR_UserCallback)
    System_FUNC_StartUp                      0x0800c2a9   Thumb Code   372  system_monitor.o(i.System_FUNC_StartUp)
    TIM17_IRQHandler                         0x0800c425   Thumb Code    90  system_init.o(i.TIM17_IRQHandler)
    TIMEOUT_UserCallback                     0x0800c489   Thumb Code    12  i2c_afe1.o(i.TIMEOUT_UserCallback)
    TIM_ClearITPendingBit                    0x0800c495   Thumb Code     6  stm32f0xx_tim.o(i.TIM_ClearITPendingBit)
    TIM_Cmd                                  0x0800c49b   Thumb Code    24  stm32f0xx_tim.o(i.TIM_Cmd)
    TIM_GetITStatus                          0x0800c4b3   Thumb Code    24  stm32f0xx_tim.o(i.TIM_GetITStatus)
    TIM_ITConfig                             0x0800c4cb   Thumb Code    20  stm32f0xx_tim.o(i.TIM_ITConfig)
    TIM_SelectOutputTrigger                  0x0800c4df   Thumb Code    16  stm32f0xx_tim.o(i.TIM_SelectOutputTrigger)
    TIM_SetCompare1                          0x0800c4ef   Thumb Code     4  stm32f0xx_tim.o(i.TIM_SetCompare1)
    TIM_SetCompare2                          0x0800c4f3   Thumb Code     4  stm32f0xx_tim.o(i.TIM_SetCompare2)
    TIM_TimeBaseInit                         0x0800c4f9   Thumb Code    88  stm32f0xx_tim.o(i.TIM_TimeBaseInit)
    USART1_IRQHandler                        0x0800c56d   Thumb Code    34  stm32f0xx_it.o(i.USART1_IRQHandler)
    USART2_IRQHandler                        0x0800c5a1   Thumb Code    34  stm32f0xx_it.o(i.USART2_IRQHandler)
    USART_Cmd                                0x0800c5d5   Thumb Code    24  stm32f0xx_usart.o(i.USART_Cmd)
    USART_GetITStatus                        0x0800c5ed   Thumb Code    60  stm32f0xx_usart.o(i.USART_GetITStatus)
    USART_ITConfig                           0x0800c629   Thumb Code    46  stm32f0xx_usart.o(i.USART_ITConfig)
    USART_Init                               0x0800c659   Thumb Code   156  stm32f0xx_usart.o(i.USART_Init)
    UpdateVoltageFromBqMaximo_Partition      0x0800c709   Thumb Code   228  i2c_afe1.o(i.UpdateVoltageFromBqMaximo_Partition)
    WriteEEPROM_Byte                         0x0800c801   Thumb Code   126  eeprom.o(i.WriteEEPROM_Byte)
    WriteEEPROM_ByteData_Circle              0x0800c881   Thumb Code   376  eeprom.o(i.WriteEEPROM_ByteData_Circle)
    WriteEEPROM_Word_NoZone                  0x0800ca19   Thumb Code    86  eeprom.o(i.WriteEEPROM_Word_NoZone)
    WriteEEPROM_Word_WithZone                0x0800ca6f   Thumb Code    62  eeprom.o(i.WriteEEPROM_Word_WithZone)
    WriteProID                               0x0800caad   Thumb Code   152  productionid.o(i.WriteProID)
    WriteProID_Default                       0x0800cb49   Thumb Code    86  productionid.o(i.WriteProID_Default)
    __ARM_common_switch8                     0x0800cbc9   Thumb Code    26  cell_balance.o(i.__ARM_common_switch8)
    __delay_ms                               0x0800cbe5   Thumb Code    46  system_init.o(i.__delay_ms)
    __delay_us                               0x0800cc1d   Thumb Code    46  system_init.o(i.__delay_us)
    main                                     0x0800cc55   Thumb Code    78  main.o(i.main)
    __I$use$fp                               0x0800cca2   Number         0  usenofp.o(x$fpl$usenofp)
    iSheldTemp_10K                           0x0800cca2   Data         112  adc.o(.constdata)
    OVPThreshold                             0x0800d29c   Data           4  i2c_afe1.o(.constdata)
    UVPThreshold                             0x0800d2a0   Data           4  i2c_afe1.o(.constdata)
    iSheldTemp_10K_AFE                       0x0800d2a4   Data         112  i2c_afe1.o(.constdata)
    SeriesSelect_AFE1                        0x0800d314   Data         256  main.o(.constdata)
    SOC_Table_LiFePO                         0x0800d508   Data          84  socintegral_030.o(.constdata)
    SocTable_TernaryLi                       0x0800d55c   Data          84  socintegral_030.o(.constdata)
    SocTable_LiFePO2                         0x0800d5b0   Data          84  socintegral_030.o(.constdata)
    Region$$Table$$Base                      0x0800d6c4   Number         0  anon$$obj.o(Region$$Table)
    Region$$Table$$Limit                     0x0800d6e4   Number         0  anon$$obj.o(Region$$Table)
    VectorTable                              0x20000000   Data         192  flash.o(.ARM.__AT_0x20000000)
    SystemCoreClock                          0x200000c0   Data           4  system_stm32f0xx.o(.data)
    AHBPrescTable                            0x200000c4   Data          16  system_stm32f0xx.o(.data)
    g_u16ADCValFilter                        0x200000d4   Data           6  adc.o(.data)
    g_enBalanceState                         0x200000da   Data           1  cell_balance.o(.data)
    g_u8CBnMonitor                           0x200000e0   Data           1  cell_balance.o(.data)
    g_u8CBn_StatusFlag                       0x200000e1   Data           1  cell_balance.o(.data)
    CellBalFlag_AFE1                         0x200000ea   Data           2  cell_balance.o(.data)
    ChargerLoad_Func                         0x200000f0   Data           2  chargerloadfunc.o(.data)
    u8IICFaultcnt1                           0x200000f4   Data           1  datadeal.o(.data)
    u8WakeCnt1                               0x200000f5   Data           1  datadeal.o(.data)
    u8IICFaultcnt2                           0x200000f6   Data           1  datadeal.o(.data)
    u8WakeCnt2                               0x200000f7   Data           1  datadeal.o(.data)
    g_u32CS_Res_AFE                          0x20000100   Data           4  datadeal.o(.data)
    u8E2P_SocTable_WriteFlag                 0x20000104   Data           1  eeprom.o(.data)
    u8E2P_CopperLoss_WriteFlag               0x20000105   Data           1  eeprom.o(.data)
    u8E2P_KB_WriteFlag                       0x20000106   Data           1  eeprom.o(.data)
    u8E2P_KB_WritePos                        0x20000107   Data           1  eeprom.o(.data)
    sEETimeout                               0x20000108   Data           4  eeprom.o(.data)
    u32E2P_Pro_VolCur_WriteFlag              0x2000010c   Data           4  eeprom.o(.data)
    u32E2P_Pro_Temp_WriteFlag                0x20000110   Data           4  eeprom.o(.data)
    u32E2P_Pro_Other_WriteFlag               0x20000114   Data           4  eeprom.o(.data)
    u32E2P_RTC_Element_WriteFlag             0x20000118   Data           4  eeprom.o(.data)
    u32E2P_OtherElement1_WriteFlag           0x2000011c   Data           4  eeprom.o(.data)
    u32E2P_HeatCool_WriteFlag                0x20000120   Data           4  eeprom.o(.data)
    FaultCnt_StartUp_First                   0x20000124   Data           2  fault.o(.data)
    FaultCnt_StartUp_Second                  0x20000126   Data           2  fault.o(.data)
    FaultCnt_StartUp_Third                   0x20000128   Data           2  fault.o(.data)
    FaultPoint_First                         0x2000012a   Data           1  fault.o(.data)
    FaultPoint_Second                        0x2000012b   Data           1  fault.o(.data)
    FaultPoint_Third                         0x2000012c   Data           1  fault.o(.data)
    FaultPoint_First2                        0x2000012d   Data           1  fault.o(.data)
    FaultPoint_Second2                       0x2000012e   Data           1  fault.o(.data)
    FaultPoint_Third2                        0x2000012f   Data           1  fault.o(.data)
    Fault_Flag_Second                        0x20000164   Data           2  fault.o(.data)
    Fault_Flag_Third                         0x20000166   Data           2  fault.o(.data)
    Fault_Flag_Fisrt                         0x20000168   Data           2  fault.o(.data)
    HeatCtrl_Command                         0x2000016a   Data           1  heat_cool.o(.data)
    CoolCtrl_Command                         0x2000016b   Data           1  heat_cool.o(.data)
    Heat_Cool_FaultFlag                      0x20000172   Data           2  heat_cool.o(.data)
    Timeout                                  0x20000174   Data           4  i2c_afe1.o(.data)
    BMS_LOG_POINT                            0x2000017c   Data           1  logrecord.o(.data)
    gu8_Reset_EventRecord                    0x2000017d   Data           1  logrecord.o(.data)
    LogRecord_Flag                           0x2000017f   Data           1  logrecord.o(.data)
    SeriesNum                                0x20000184   Data           1  main.o(.data)
    u16PeriodCH1                             0x2000018c   Data           2  pwm.o(.data)
    u16PeriodCH2                             0x2000018e   Data           2  pwm.o(.data)
    DACx_OC_REF                              0x20000190   Data           4  pwm.o(.data)
    RTC_TimeStructure                        0x20000195   Data           4  rtc.o(.data)
    RTC_DateStructure                        0x20000199   Data           4  rtc.o(.data)
    gu8_TxEnable_SCI1                        0x200001a0   Data           1  sci_upper.o(.data)
    gu8_TxFinishFlag_SCI1                    0x200001a1   Data           1  sci_upper.o(.data)
    gu8_TxEnable_SCI2                        0x200001a2   Data           1  sci_upper.o(.data)
    gu8_TxFinishFlag_SCI2                    0x200001a3   Data           1  sci_upper.o(.data)
    u8FlashUpdateFlag                        0x200001a4   Data           1  sci_upper.o(.data)
    u8FlashUpdateE2PROM                      0x200001a5   Data           1  sci_upper.o(.data)
    gu16_CommuErrCnt_SCI1                    0x200001a6   Data           2  sci_upper.o(.data)
    gu16_CommuErrCnt_SCI2                    0x200001a8   Data           2  sci_upper.o(.data)
    Sleep_Status                             0x200001b4   Data           1  sleepdeal.o(.data)
    RTC_ExtComCnt                            0x200001b5   Data           1  sleepdeal.o(.data)
    Sleep_Mode                               0x200001c6   Data           2  sleepdeal.o(.data)
    g_u81msCnt                               0x20000201   Data           1  system_init.o(.data)
    g_u810msClockCnt                         0x20000202   Data           1  system_init.o(.data)
    g_u81msClockCnt                          0x20000203   Data           1  system_init.o(.data)
    gu8_200msCnt                             0x20000204   Data           1  system_init.o(.data)
    gu8_200msAccClock_Flag                   0x20000205   Data           1  system_init.o(.data)
    g_st_SysTimeFlag                         0x20000214   Data           2  system_init.o(.data)
    CBC_Element                              0x20000216   Data           4  system_init.o(.data)
    System_OnOFF_Func                        0x20000228   Data           4  system_monitor.o(.data)
    System_OnOFF_Func_StartUpRec             0x2000022c   Data           4  system_monitor.o(.data)
    SystemStatus                             0x20000230   Data           4  system_monitor.o(.data)
    System_Func_StartUp                      0x20000234   Data           4  system_monitor.o(.data)
    aaa11                                    0x20000238   Data           1  bq769x0_func.o(.data)
    aaaaaa1                                  0x20000240   Data           2  bq769x0_func.o(.data)
    aaaaaa2                                  0x20000242   Data           2  bq769x0_func.o(.data)
    aaaaaa3                                  0x20000244   Data           2  bq769x0_func.o(.data)
    aaaaaa4                                  0x20000246   Data           2  bq769x0_func.o(.data)
    gu8_WakeUp_Type                          0x20000248   Data           2  bq769x0_func.o(.data)
    Relay_Command_SameDoor_HavePreChg        0x20000268   Data           1  iodrivers_030.o(.data)
    Relay_Command_DiffDoor_HavePreChg        0x20000269   Data           1  iodrivers_030.o(.data)
    MosCtrl_Command_SameDoor_HavePreChg      0x2000026a   Data           1  iodrivers_030.o(.data)
    MosCtrl_Command_BootStrap_Cir            0x2000026b   Data           1  iodrivers_030.o(.data)
    SOC_Cali_Flag                            0x20000360   Data           1  socintegral_030.o(.data)
    CapFull_Cali_Flag                        0x20000361   Data           1  socintegral_030.o(.data)
    ChgValue                                 0x20000362   Data           2  socintegral_030.o(.data)
    DsgValue                                 0x20000364   Data           2  socintegral_030.o(.data)
    g_u32ADCValFilter2                       0x20000394   Data          12  adc.o(.bss)
    g_i32ADCResult                           0x200003a0   Data          12  adc.o(.bss)
    g_enCellBalanceStatus                    0x200003ac   Data          16  cell_balance.o(.bss)
    g_u8CellBalanceFilterCnt                 0x200003bc   Data          16  cell_balance.o(.bss)
    g_u16CalibCoefK                          0x200003cc   Data          94  datadeal.o(.bss)
    g_i16CalibCoefB                          0x2000042a   Data          94  datadeal.o(.bss)
    CopperLoss                               0x20000488   Data          32  datadeal.o(.bss)
    CopperLoss_Num                           0x200004a8   Data          32  datadeal.o(.bss)
    OtherElement                             0x200004c8   Data          64  datadeal.o(.bss)
    PRT_E2ROMParas                           0x20000508   Data         130  fault.o(.bss)
    Fault_record_First                       0x2000058a   Data          20  fault.o(.bss)
    Fault_record_Second                      0x2000059e   Data          20  fault.o(.bss)
    Fault_record_Third                       0x200005b2   Data          20  fault.o(.bss)
    Fault_record_First2                      0x200005c6   Data          20  fault.o(.bss)
    Fault_record_Second2                     0x200005da   Data          20  fault.o(.bss)
    Fault_record_Third2                      0x200005ee   Data          20  fault.o(.bss)
    RTC_Fault_record_Third                   0x20000602   Data         120  fault.o(.bss)
    Heat_Cool_Element                        0x2000067a   Data          48  heat_cool.o(.bss)
    Registers_AFE1                           0x200006ac   Data          56  i2c_afe1.o(.bss)
    g_stBq769x0_Read_AFE1                    0x200006e4   Data          68  i2c_afe1.o(.bss)
    startData_                               0x20000728   Data          80  i2c_afe1.o(.bss)
    BufferCRCC                               0x20000778   Data          30  i2c_afe1.o(.bss)
    BMS_LOG_RECORD                           0x200007ab   Data         200  logrecord.o(.bss)
    ProductionInfor                          0x20000874   Data         112  productionid.o(.bss)
    RTC_time                                 0x200008e4   Data          24  rtc.o(.bss)
    RTC_InitStructure                        0x200008fc   Data          12  rtc.o(.bss)
    RTC_AlarmStructure                       0x20000908   Data          16  rtc.o(.bss)
    g_stCurrentMsgPtr_SCI1                   0x20000918   Data         262  sci_upper.o(.bss)
    g_stCurrentMsgPtr_SCI2                   0x20000a1e   Data         262  sci_upper.o(.bss)
    g_u8SCITxBuff                            0x20000b24   Data         251  sci_upper.o(.bss)
    g_stCellInfoReport                       0x20000c20   Data         126  sci_upper.o(.bss)
    SOC_Table_Set                            0x20000c9e   Data          84  soc.o(.bss)
    System_ErrFlag                           0x20000cf2   Data          24  system_monitor.o(.bss)
    Driver_Element                           0x20000d0c   Data          28  iodrivers_030.o(.bss)
    Driver_GPIO                              0x20000d28   Data          32  iodrivers_030.o(.bss)
    SOC_Enhance_Element                      0x20000d48   Data         162  socintegral_030.o(.bss)
    SOC_Calculate_Element                    0x20000dec   Data          40  socintegral_030.o(.bss)
    SOC_E2prom_Par                           0x20000e14   Data          32  socintegral_030.o(.bss)
    SOC_E2prom_Adress                        0x20000e34   Data          32  socintegral_030.o(.bss)
    __libspace_start                         0x20000e54   Data          96  libspace.o(.bss)
    __temporary_stack_top$libspace           0x20000eb4   Data           0  libspace.o(.bss)



==============================================================================

Memory Map of the image

  Image Entry point : 0x08001cc1

  Load Region LR_IROM1 (Base: 0x08001c00, Size: 0x0000bdb8, Max: 0x0000e400, ABSOLUTE, COMPRESSED[0x0000bb18])

    Execution Region ER_IROM1 (Exec base: 0x08001c00, Load base: 0x08001c00, Size: 0x0000bae4, Max: 0x0000e400, ABSOLUTE)

    Exec Addr    Load Addr    Size         Type   Attr      Idx    E Section Name        Object

    0x08001c00   0x08001c00   0x000000c0   Data   RO            3    RESET               startup_stm32f0xx.o
    0x08001cc0   0x08001cc0   0x00000008   Code   RO         6989  * !!!main             c_p.l(__main.o)
    0x08001cc8   0x08001cc8   0x0000003c   Code   RO         7181    !!!scatter          c_p.l(__scatter.o)
    0x08001d04   0x08001d04   0x0000001c   Code   RO         7183    !!handler_zi        c_p.l(__scatter_zi.o)
    0x08001d20   0x08001d20   0x00000002   Code   RO         7046    .ARM.Collect$$libinit$$00000000  c_p.l(libinit.o)
    0x08001d22   0x08001d22   0x00000000   Code   RO         7060    .ARM.Collect$$libinit$$00000002  c_p.l(libinit2.o)
    0x08001d22   0x08001d22   0x00000000   Code   RO         7062    .ARM.Collect$$libinit$$00000004  c_p.l(libinit2.o)
    0x08001d22   0x08001d22   0x00000000   Code   RO         7065    .ARM.Collect$$libinit$$0000000A  c_p.l(libinit2.o)
    0x08001d22   0x08001d22   0x00000000   Code   RO         7067    .ARM.Collect$$libinit$$0000000C  c_p.l(libinit2.o)
    0x08001d22   0x08001d22   0x00000000   Code   RO         7069    .ARM.Collect$$libinit$$0000000E  c_p.l(libinit2.o)
    0x08001d22   0x08001d22   0x00000000   Code   RO         7072    .ARM.Collect$$libinit$$00000011  c_p.l(libinit2.o)
    0x08001d22   0x08001d22   0x00000000   Code   RO         7074    .ARM.Collect$$libinit$$00000013  c_p.l(libinit2.o)
    0x08001d22   0x08001d22   0x00000000   Code   RO         7076    .ARM.Collect$$libinit$$00000015  c_p.l(libinit2.o)
    0x08001d22   0x08001d22   0x00000000   Code   RO         7078    .ARM.Collect$$libinit$$00000017  c_p.l(libinit2.o)
    0x08001d22   0x08001d22   0x00000000   Code   RO         7080    .ARM.Collect$$libinit$$00000019  c_p.l(libinit2.o)
    0x08001d22   0x08001d22   0x00000000   Code   RO         7082    .ARM.Collect$$libinit$$0000001B  c_p.l(libinit2.o)
    0x08001d22   0x08001d22   0x00000000   Code   RO         7084    .ARM.Collect$$libinit$$0000001D  c_p.l(libinit2.o)
    0x08001d22   0x08001d22   0x00000000   Code   RO         7086    .ARM.Collect$$libinit$$0000001F  c_p.l(libinit2.o)
    0x08001d22   0x08001d22   0x00000000   Code   RO         7088    .ARM.Collect$$libinit$$00000021  c_p.l(libinit2.o)
    0x08001d22   0x08001d22   0x00000000   Code   RO         7090    .ARM.Collect$$libinit$$00000023  c_p.l(libinit2.o)
    0x08001d22   0x08001d22   0x00000000   Code   RO         7092    .ARM.Collect$$libinit$$00000025  c_p.l(libinit2.o)
    0x08001d22   0x08001d22   0x00000000   Code   RO         7096    .ARM.Collect$$libinit$$0000002C  c_p.l(libinit2.o)
    0x08001d22   0x08001d22   0x00000000   Code   RO         7098    .ARM.Collect$$libinit$$0000002E  c_p.l(libinit2.o)
    0x08001d22   0x08001d22   0x00000000   Code   RO         7100    .ARM.Collect$$libinit$$00000030  c_p.l(libinit2.o)
    0x08001d22   0x08001d22   0x00000000   Code   RO         7102    .ARM.Collect$$libinit$$00000032  c_p.l(libinit2.o)
    0x08001d22   0x08001d22   0x00000002   Code   RO         7103    .ARM.Collect$$libinit$$00000033  c_p.l(libinit2.o)
    0x08001d24   0x08001d24   0x00000002   Code   RO         7134    .ARM.Collect$$libshutdown$$00000000  c_p.l(libshutdown.o)
    0x08001d26   0x08001d26   0x00000000   Code   RO         7160    .ARM.Collect$$libshutdown$$00000002  c_p.l(libshutdown2.o)
    0x08001d26   0x08001d26   0x00000000   Code   RO         7162    .ARM.Collect$$libshutdown$$00000004  c_p.l(libshutdown2.o)
    0x08001d26   0x08001d26   0x00000000   Code   RO         7164    .ARM.Collect$$libshutdown$$00000006  c_p.l(libshutdown2.o)
    0x08001d26   0x08001d26   0x00000000   Code   RO         7167    .ARM.Collect$$libshutdown$$00000009  c_p.l(libshutdown2.o)
    0x08001d26   0x08001d26   0x00000000   Code   RO         7170    .ARM.Collect$$libshutdown$$0000000C  c_p.l(libshutdown2.o)
    0x08001d26   0x08001d26   0x00000000   Code   RO         7172    .ARM.Collect$$libshutdown$$0000000E  c_p.l(libshutdown2.o)
    0x08001d26   0x08001d26   0x00000000   Code   RO         7175    .ARM.Collect$$libshutdown$$00000011  c_p.l(libshutdown2.o)
    0x08001d26   0x08001d26   0x00000002   Code   RO         7176    .ARM.Collect$$libshutdown$$00000012  c_p.l(libshutdown2.o)
    0x08001d28   0x08001d28   0x00000000   Code   RO         7009    .ARM.Collect$$rtentry$$00000000  c_p.l(__rtentry.o)
    0x08001d28   0x08001d28   0x00000000   Code   RO         7016    .ARM.Collect$$rtentry$$00000002  c_p.l(__rtentry2.o)
    0x08001d28   0x08001d28   0x00000006   Code   RO         7028    .ARM.Collect$$rtentry$$00000004  c_p.l(__rtentry4.o)
    0x08001d2e   0x08001d2e   0x00000000   Code   RO         7018    .ARM.Collect$$rtentry$$00000009  c_p.l(__rtentry2.o)
    0x08001d2e   0x08001d2e   0x00000004   Code   RO         7019    .ARM.Collect$$rtentry$$0000000A  c_p.l(__rtentry2.o)
    0x08001d32   0x08001d32   0x00000000   Code   RO         7021    .ARM.Collect$$rtentry$$0000000C  c_p.l(__rtentry2.o)
    0x08001d32   0x08001d32   0x00000008   Code   RO         7022    .ARM.Collect$$rtentry$$0000000D  c_p.l(__rtentry2.o)
    0x08001d3a   0x08001d3a   0x00000002   Code   RO         7051    .ARM.Collect$$rtexit$$00000000  c_p.l(rtexit.o)
    0x08001d3c   0x08001d3c   0x00000000   Code   RO         7107    .ARM.Collect$$rtexit$$00000002  c_p.l(rtexit2.o)
    0x08001d3c   0x08001d3c   0x00000004   Code   RO         7108    .ARM.Collect$$rtexit$$00000003  c_p.l(rtexit2.o)
    0x08001d40   0x08001d40   0x00000006   Code   RO         7109    .ARM.Collect$$rtexit$$00000004  c_p.l(rtexit2.o)
    0x08001d46   0x08001d46   0x00000002   PAD
    0x08001d48   0x08001d48   0x00000038   Code   RO         6977    .emb_text           c_p.l(rt_memcpy.o)
    0x08001d80   0x08001d80   0x00000038   Code   RO            4    .text               startup_stm32f0xx.o
    0x08001db8   0x08001db8   0x00000082   Code   RO         6978    .text               c_p.l(rt_memcpy.o)
    0x08001e3a   0x08001e3a   0x00000040   Code   RO         6981    .text               c_p.l(rt_memclr.o)
    0x08001e7a   0x08001e7a   0x0000015a   Code   RO         6983    .text               c_p.l(aeabi_sdiv.o)
    0x08001fd4   0x08001fd4   0x00000006   Code   RO         6987    .text               c_p.l(heapauxi.o)
    0x08001fda   0x08001fda   0x00000002   PAD
    0x08001fdc   0x08001fdc   0x0000007c   Code   RO         6991    .text               fz_ps.l(d2f.o)
    0x08002058   0x08002058   0x00000358   Code   RO         6993    .text               fz_ps.l(daddsub.o)
    0x080023b0   0x080023b0   0x00000448   Code   RO         6995    .text               fz_ps.l(ddiv.o)
    0x080027f8   0x080027f8   0x00000048   Code   RO         6998    .text               fz_ps.l(dfixui.o)
    0x08002840   0x08002840   0x00000058   Code   RO         7000    .text               fz_ps.l(dflti.o)
    0x08002898   0x08002898   0x00000054   Code   RO         7002    .text               fz_ps.l(f2d.o)
    0x080028ec   0x080028ec   0x00000160   Code   RO         7004    .text               fz_ps.l(fdiv.o)
    0x08002a4c   0x08002a4c   0x0000005e   Code   RO         7007    .text               fz_ps.l(fflti.o)
    0x08002aaa   0x08002aaa   0x0000003e   Code   RO         7032    .text               c_p.l(sys_stackheap_outer.o)
    0x08002ae8   0x08002ae8   0x00000010   Code   RO         7035    .text               c_p.l(exit.o)
    0x08002af8   0x08002af8   0x00000008   Code   RO         7047    .text               c_p.l(libspace.o)
    0x08002b00   0x08002b00   0x0000000c   Code   RO         7104    .text               c_p.l(sys_exit.o)
    0x08002b0c   0x08002b0c   0x00000002   Code   RO         7123    .text               c_p.l(use_no_semi.o)
    0x08002b0e   0x08002b0e   0x00000000   Code   RO         7125    .text               c_p.l(indicate_semi.o)
    0x08002b0e   0x08002b0e   0x0000003a   Code   RO         7179    .text               c_p.l(__dczerorl.o)
    0x08002b48   0x08002b48   0x0000000a   Code   RO         2846    i.ADC_ChannelConfig  stm32f0xx_adc.o
    0x08002b52   0x08002b52   0x00000018   Code   RO         2850    i.ADC_Cmd           stm32f0xx_adc.o
    0x08002b6a   0x08002b6a   0x00000018   Code   RO         2852    i.ADC_DMACmd        stm32f0xx_adc.o
    0x08002b82   0x08002b82   0x00000010   Code   RO         2853    i.ADC_DMARequestModeConfig  stm32f0xx_adc.o
    0x08002b92   0x08002b92   0x00000002   PAD
    0x08002b94   0x08002b94   0x00000020   Code   RO         2854    i.ADC_DeInit        stm32f0xx_adc.o
    0x08002bb4   0x08002bb4   0x0000002e   Code   RO         2856    i.ADC_GetCalibrationFactor  stm32f0xx_adc.o
    0x08002be2   0x08002be2   0x0000001c   Code   RO         2858    i.ADC_GetFlagStatus  stm32f0xx_adc.o
    0x08002bfe   0x08002bfe   0x00000002   PAD
    0x08002c00   0x08002c00   0x0000002c   Code   RO         2861    i.ADC_Init          stm32f0xx_adc.o
    0x08002c2c   0x08002c2c   0x00000018   Code   RO         2863    i.ADC_OverrunModeCmd  stm32f0xx_adc.o
    0x08002c44   0x08002c44   0x0000000a   Code   RO         2864    i.ADC_StartOfConversion  stm32f0xx_adc.o
    0x08002c4e   0x08002c4e   0x00000010   Code   RO         2866    i.ADC_StructInit    stm32f0xx_adc.o
    0x08002c5e   0x08002c5e   0x00000002   PAD
    0x08002c60   0x08002c60   0x00000080   Code   RO          333    i.ADC_TTC           adc.o
    0x08002ce0   0x08002ce0   0x0000004c   Code   RO         2785    i.AFE_SleepMode_Judge  bq769x0_func.o
    0x08002d2c   0x08002d2c   0x00000002   Code   RO          613    i.AllSeriesDeal_Charger_OFF  chargerloadfunc.o
    0x08002d2e   0x08002d2e   0x00000002   PAD
    0x08002d30   0x08002d30   0x0000006c   Code   RO          614    i.AllSeriesDeal_Charger_ON  chargerloadfunc.o
    0x08002d9c   0x08002d9c   0x00000054   Code   RO          615    i.AllSeriesDeal_Sleep_Or_None  chargerloadfunc.o
    0x08002df0   0x08002df0   0x000000dc   Code   RO          687    i.App_AFEGet        datadeal.o
    0x08002ecc   0x08002ecc   0x00000024   Code   RO         1271    i.App_AFEshutdown   i2c_afe1.o
    0x08002ef0   0x08002ef0   0x0000001c   Code   RO          335    i.App_AnlogCal      adc.o
    0x08002f0c   0x08002f0c   0x00000104   Code   RO         2786    i.App_BQ769X0_Monitor  bq769x0_func.o
    0x08003010   0x08003010   0x0000009c   Code   RO          922    i.App_BatOvp_SecondCheck  fault.o
    0x080030ac   0x080030ac   0x0000009c   Code   RO          923    i.App_BatOvp_ThirdCheck  fault.o
    0x08003148   0x08003148   0x0000009c   Code   RO          924    i.App_BatUvp_SecondCheck  fault.o
    0x080031e4   0x080031e4   0x0000009c   Code   RO          925    i.App_BatUvp_ThirdCheck  fault.o
    0x08003280   0x08003280   0x00000070   Code   RO          531    i.App_CellBalance   cell_balance.o
    0x080032f0   0x080032f0   0x000000fc   Code   RO          926    i.App_CellChgOtp_SecondCheck  fault.o
    0x080033ec   0x080033ec   0x000000f8   Code   RO          927    i.App_CellChgOtp_ThirdCheck  fault.o
    0x080034e4   0x080034e4   0x00000100   Code   RO          928    i.App_CellChgUtp_SecondCheck  fault.o
    0x080035e4   0x080035e4   0x00000100   Code   RO          929    i.App_CellChgUtp_ThirdCheck  fault.o
    0x080036e4   0x080036e4   0x000000f8   Code   RO          930    i.App_CellDisChgOtp_SecondCheck  fault.o
    0x080037dc   0x080037dc   0x000000f8   Code   RO          931    i.App_CellDisChgOtp_ThirdCheck  fault.o
    0x080038d4   0x080038d4   0x000000f8   Code   RO          932    i.App_CellDischgUtp_SecondCheck  fault.o
    0x080039cc   0x080039cc   0x000000f8   Code   RO          933    i.App_CellDischgUtp_ThirdCheck  fault.o
    0x08003ac4   0x08003ac4   0x0000009c   Code   RO          934    i.App_CellOvp_SecondCheck  fault.o
    0x08003b60   0x08003b60   0x0000009c   Code   RO          935    i.App_CellOvp_ThirdCheck  fault.o
    0x08003bfc   0x08003bfc   0x000000a0   Code   RO          936    i.App_CellSocUp_SecondCheck  fault.o
    0x08003c9c   0x08003c9c   0x000000a0   Code   RO          937    i.App_CellSocUp_ThirdCheck  fault.o
    0x08003d3c   0x08003d3c   0x0000009c   Code   RO          938    i.App_CellUvp_SecondCheck  fault.o
    0x08003dd8   0x08003dd8   0x0000009c   Code   RO          939    i.App_CellUvp_ThirdCheck  fault.o
    0x08003e74   0x08003e74   0x0000001c   Code   RO          616    i.App_ChargerLoad_Det  chargerloadfunc.o
    0x08003e90   0x08003e90   0x00000018   Code   RO         1954    i.App_CommonUpper   sci_upper.o
    0x08003ea8   0x08003ea8   0x000000d0   Code   RO         1955    i.App_CommonUpperSCI1  sci_upper.o
    0x08003f78   0x08003f78   0x000000d0   Code   RO         1956    i.App_CommonUpperSCI2  sci_upper.o
    0x08004048   0x08004048   0x00000002   Code   RO         1453    i.App_DI1_Switch    io_control.o
    0x0800404a   0x0800404a   0x00000002   PAD
    0x0800404c   0x0800404c   0x00000050   Code   RO          763    i.App_E2promDeal    eeprom.o
    0x0800409c   0x0800409c   0x00000034   Code   RO         1122    i.App_FlashUpdateDet  flash.o
    0x080040d0   0x080040d0   0x0000000c   Code   RO         1166    i.App_Heat_Cool_Ctrl  heat_cool.o
    0x080040dc   0x080040dc   0x000000a4   Code   RO          940    i.App_IchgOcp_SecondCheck  fault.o
    0x08004180   0x08004180   0x000000a4   Code   RO          941    i.App_IchgOcp_ThirdCheck  fault.o
    0x08004224   0x08004224   0x000000a4   Code   RO          942    i.App_IdischgOcp_SecondCheck  fault.o
    0x080042c8   0x080042c8   0x000000a4   Code   RO          943    i.App_IdischgOcp_ThirdCheck  fault.o
    0x0800436c   0x0800436c   0x0000017c   Code   RO         1593    i.App_LogRecord     logrecord.o
    0x080044e8   0x080044e8   0x00000040   Code   RO         1454    i.App_MOS_Relay_Ctrl  io_control.o
    0x08004528   0x08004528   0x000000a0   Code   RO          944    i.App_MosOtp_SecondCheck  fault.o
    0x080045c8   0x080045c8   0x000000a0   Code   RO          945    i.App_MosOtp_ThirdCheck  fault.o
    0x08004668   0x08004668   0x00000088   Code   RO         1845    i.App_PWM           pwm.o
    0x080046f0   0x080046f0   0x00000028   Code   RO         1731    i.App_ProID_Deal    productionid.o
    0x08004718   0x08004718   0x00000080   Code   RO         1776    i.App_PubOPUPChk    pubfunc.o
    0x08004798   0x08004798   0x00000048   Code   RO         2504    i.App_SOC           soc.o
    0x080047e0   0x080047e0   0x0000000c   Code   RO         1662    i.App_Sci           main.o
    0x080047ec   0x080047ec   0x000000e4   Code   RO         2270    i.App_SleepDeal     sleepdeal.o
    0x080048d0   0x080048d0   0x000001d8   Code   RO         2549    i.App_SysTime       system_init.o
    0x08004aa8   0x08004aa8   0x00000002   Code   RO         2669    i.App_UartClient_Updata  uart_client.o
    0x08004aaa   0x08004aaa   0x00000002   PAD
    0x08004aac   0x08004aac   0x000000a0   Code   RO          946    i.App_VdeltaOp_SecondCheck  fault.o
    0x08004b4c   0x08004b4c   0x000000a4   Code   RO          947    i.App_VdeltaOp_ThirdCheck  fault.o
    0x08004bf0   0x08004bf0   0x00000030   Code   RO         1663    i.App_WakeUpAFE     main.o
    0x08004c20   0x08004c20   0x00000076   Code   RO          948    i.App_WarnCtrl      fault.o
    0x08004c96   0x08004c96   0x00000002   PAD
    0x08004c98   0x08004c98   0x000000bc   Code   RO         2787    i.BQ769X0_Deal_OC_SC  bq769x0_func.o
    0x08004d54   0x08004d54   0x00000040   Code   RO         2788    i.BQ769X0_DriverMos_Ctrl  bq769x0_func.o
    0x08004d94   0x08004d94   0x000000ec   Code   RO         2789    i.BQ769x0_SleepMode_Ctrl  bq769x0_func.o
    0x08004e80   0x08004e80   0x0000009c   Code   RO          532    i.CB_AFERegistersCtrl  cell_balance.o
    0x08004f1c   0x08004f1c   0x00000090   Code   RO          533    i.CB_ChangeUpperFlag  cell_balance.o
    0x08004fac   0x08004fac   0x00000108   Code   RO          534    i.CB_StateCalculate  cell_balance.o
    0x080050b4   0x080050b4   0x00000036   Code   RO         1777    i.CRC8              pubfunc.o
    0x080050ea   0x080050ea   0x00000038   Code   RO         1957    i.CRC_verify        sci_upper.o
    0x08005122   0x08005122   0x00000002   PAD
    0x08005124   0x08005124   0x00000080   Code   RO          535    i.CellBalance_DataInit  cell_balance.o
    0x080051a4   0x080051a4   0x000000b0   Code   RO          536    i.CellBalance_Monitor  cell_balance.o
    0x08005254   0x08005254   0x00000064   Code   RO          537    i.CellBalance_StateEvenOn  cell_balance.o
    0x080052b8   0x080052b8   0x00000058   Code   RO          538    i.CellBalance_StateOFF  cell_balance.o
    0x08005310   0x08005310   0x00000064   Code   RO          539    i.CellBalance_StateOddOn  cell_balance.o
    0x08005374   0x08005374   0x0000007c   Code   RO         1272    i.ConfigureBqMaximo  i2c_afe1.o
    0x080053f0   0x080053f0   0x00000078   Code   RO         1167    i.Cool_Control      heat_cool.o
    0x08005468   0x08005468   0x00000048   Code   RO         1168    i.Cool_OnOFF_CONT   heat_cool.o
    0x080054b0   0x080054b0   0x00000002   Code   RO         1169    i.Cool_OnOFF_Det_Err  heat_cool.o
    0x080054b2   0x080054b2   0x00000002   PAD
    0x080054b4   0x080054b4   0x00000030   Code   RO         1170    i.Cool_OnOFF_Det_Normal  heat_cool.o
    0x080054e4   0x080054e4   0x00000002   Code   RO         1171    i.Cool_OnOFF_Err_RecoverDeal  heat_cool.o
    0x080054e6   0x080054e6   0x00000002   PAD
    0x080054e8   0x080054e8   0x00000028   Code   RO         1172    i.Cool_StartUp_SelfCheck  heat_cool.o
    0x08005510   0x08005510   0x00000298   Code   RO         6756    i.CorrectionTerminal_CC  SocIntegral_030.lib(socintegral_030.o)
    0x080057a8   0x080057a8   0x00000324   Code   RO         6757    i.CorrectionTerminal_CV  SocIntegral_030.lib(socintegral_030.o)
    0x08005acc   0x08005acc   0x00000060   Code   RO         6758    i.Correction_Terminal  SocIntegral_030.lib(socintegral_030.o)
    0x08005b2c   0x08005b2c   0x0000001c   Code   RO         3758    i.DMA_Cmd           stm32f0xx_dma.o
    0x08005b48   0x08005b48   0x000000fc   Code   RO         3759    i.DMA_DeInit        stm32f0xx_dma.o
    0x08005c44   0x08005c44   0x0000003c   Code   RO         3764    i.DMA_Init          stm32f0xx_dma.o
    0x08005c80   0x08005c80   0x0000001a   Code   RO         3767    i.DMA_StructInit    stm32f0xx_dma.o
    0x08005c9a   0x08005c9a   0x00000002   PAD
    0x08005c9c   0x08005c9c   0x00000104   Code   RO          688    i.DataLoad_CellVolt  datadeal.o
    0x08005da0   0x08005da0   0x00000080   Code   RO          689    i.DataLoad_CellVoltMaxMinFind  datadeal.o
    0x08005e20   0x08005e20   0x00000030   Code   RO          690    i.DataLoad_CellVolt_Test  datadeal.o
    0x08005e50   0x08005e50   0x000000a4   Code   RO          691    i.DataLoad_Current  datadeal.o
    0x08005ef4   0x08005ef4   0x00000108   Code   RO          692    i.DataLoad_Temperature  datadeal.o
    0x08005ffc   0x08005ffc   0x0000003c   Code   RO          693    i.DataLoad_TemperatureMaxMinFind  datadeal.o
    0x08006038   0x08006038   0x0000001e   Code   RO         1778    i.Delay_Base10us    pubfunc.o
    0x08006056   0x08006056   0x00000002   PAD
    0x08006058   0x08006058   0x000000d4   Code   RO         6434    i.DriversOnOFF      IODrivers_030.lib(iodrivers_030.o)
    0x0800612c   0x0800612c   0x00000040   Code   RO         1455    i.Drivers_External_Ctrl  io_control.o
    0x0800616c   0x0800616c   0x00000016   Code   RO         6437    i.Drivers_MosSameDoor_NoPreChg  IODrivers_030.lib(iodrivers_030.o)
    0x08006182   0x08006182   0x00000002   PAD
    0x08006184   0x08006184   0x000000c4   Code   RO          764    i.EEPROM_ResetData_AllToDefault  eeprom.o
    0x08006248   0x08006248   0x00000048   Code   RO         1594    i.EEPROM_ResetData_EventRecord_ToDefault  logrecord.o
    0x08006290   0x08006290   0x000000ac   Code   RO          765    i.EEPROM_ResetData_OtherToDefault  eeprom.o
    0x0800633c   0x0800633c   0x00000034   Code   RO           12    i.EXTI0_1_IRQHandler  stm32f0xx_it.o
    0x08006370   0x08006370   0x00000014   Code   RO           13    i.EXTI2_3_IRQHandler  stm32f0xx_it.o
    0x08006384   0x08006384   0x0000007c   Code   RO           14    i.EXTI4_15_IRQHandler  stm32f0xx_it.o
    0x08006400   0x08006400   0x0000000c   Code   RO         3843    i.EXTI_ClearITPendingBit  stm32f0xx_exti.o
    0x0800640c   0x0800640c   0x00000014   Code   RO         3847    i.EXTI_GetITStatus  stm32f0xx_exti.o
    0x08006420   0x08006420   0x0000006c   Code   RO         3848    i.EXTI_Init         stm32f0xx_exti.o
    0x0800648c   0x0800648c   0x0000000c   Code   RO         3904    i.FLASH_ClearFlag   stm32f0xx_flash.o
    0x08006498   0x08006498   0x00000038   Code   RO         3906    i.FLASH_ErasePage   stm32f0xx_flash.o
    0x080064d0   0x080064d0   0x00000028   Code   RO         3909    i.FLASH_GetStatus   stm32f0xx_flash.o
    0x080064f8   0x080064f8   0x00000010   Code   RO         3911    i.FLASH_Lock        stm32f0xx_flash.o
    0x08006508   0x08006508   0x00000034   Code   RO         3930    i.FLASH_ProgramHalfWord  stm32f0xx_flash.o
    0x0800653c   0x0800653c   0x00000020   Code   RO         3933    i.FLASH_Unlock      stm32f0xx_flash.o
    0x0800655c   0x0800655c   0x00000020   Code   RO         3934    i.FLASH_WaitForLastOperation  stm32f0xx_flash.o
    0x0800657c   0x0800657c   0x00000060   Code   RO          949    i.FaultWarnRecord   fault.o
    0x080065dc   0x080065dc   0x00000060   Code   RO          950    i.FaultWarnRecord2  fault.o
    0x0800663c   0x0800663c   0x00000004   Code   RO         1123    i.FlashReadOneHalfWord  flash.o
    0x08006640   0x08006640   0x0000002c   Code   RO         1124    i.FlashWriteOneHalfWord  flash.o
    0x0800666c   0x0800666c   0x00000070   Code   RO         4105    i.GPIO_Init         stm32f0xx_gpio.o
    0x080066dc   0x080066dc   0x00000020   Code   RO         4106    i.GPIO_PinAFConfig  stm32f0xx_gpio.o
    0x080066fc   0x080066fc   0x00000004   Code   RO         4112    i.GPIO_ResetBits    stm32f0xx_gpio.o
    0x08006700   0x08006700   0x00000004   Code   RO         4113    i.GPIO_SetBits      stm32f0xx_gpio.o
    0x08006704   0x08006704   0x00000034   Code   RO         1273    i.GetADCGainOffset  i2c_afe1.o
    0x08006738   0x08006738   0x00000002   Code   RO         1456    i.GetData_Drivers   io_control.o
    0x0800673a   0x0800673a   0x00000002   PAD
    0x0800673c   0x0800673c   0x0000004c   Code   RO         2505    i.GetData_SOC       soc.o
    0x08006788   0x08006788   0x000000e2   Code   RO         1779    i.GetEndValue       pubfunc.o
    0x0800686a   0x0800686a   0x0000016e   Code   RO         6759    i.GetEndValuee      SocIntegral_030.lib(socintegral_030.o)
    0x080069d8   0x080069d8   0x0000008c   Code   RO         6760    i.Get_OpenCircuit_Value  SocIntegral_030.lib(socintegral_030.o)
    0x08006a64   0x08006a64   0x00000002   Code   RO           15    i.HardFault_Handler  stm32f0xx_it.o
    0x08006a66   0x08006a66   0x00000002   PAD
    0x08006a68   0x08006a68   0x00000074   Code   RO         1173    i.Heat_Control      heat_cool.o
    0x08006adc   0x08006adc   0x00000060   Code   RO         1174    i.Heat_OnOFF_CONT   heat_cool.o
    0x08006b3c   0x08006b3c   0x0000003c   Code   RO         1175    i.Heat_OnOFF_Det_Err  heat_cool.o
    0x08006b78   0x08006b78   0x00000058   Code   RO         1176    i.Heat_OnOFF_Det_Normal  heat_cool.o
    0x08006bd0   0x08006bd0   0x0000000c   Code   RO         1177    i.Heat_OnOFF_Err_RecoverDeal  heat_cool.o
    0x08006bdc   0x08006bdc   0x00000028   Code   RO         1178    i.Heat_StartUp_SelfCheck  heat_cool.o
    0x08006c04   0x08006c04   0x000000b0   Code   RO         1274    i.I2CReadBlockWithCRC  i2c_afe1.o
    0x08006cb4   0x08006cb4   0x000000c4   Code   RO         1275    i.I2CReadBytes      i2c_afe1.o
    0x08006d78   0x08006d78   0x00000060   Code   RO         1276    i.I2CReadRegisterByteWithCRC  i2c_afe1.o
    0x08006dd8   0x08006dd8   0x000000e4   Code   RO         1277    i.I2CSendBytes      i2c_afe1.o
    0x08006ebc   0x08006ebc   0x00000064   Code   RO         1278    i.I2CWriteBlockWithCRC  i2c_afe1.o
    0x08006f20   0x08006f20   0x0000002c   Code   RO         1279    i.I2CWriteRegisterByteWithCRC  i2c_afe1.o
    0x08006f4c   0x08006f4c   0x00000004   Code   RO         4201    i.I2C_ClearFlag     stm32f0xx_i2c.o
    0x08006f50   0x08006f50   0x00000018   Code   RO         4204    i.I2C_Cmd           stm32f0xx_i2c.o
    0x08006f68   0x08006f68   0x00000018   Code   RO         4211    i.I2C_GenerateSTOP  stm32f0xx_i2c.o
    0x08006f80   0x08006f80   0x00000010   Code   RO         4213    i.I2C_GetFlagStatus  stm32f0xx_i2c.o
    0x08006f90   0x08006f90   0x00000064   Code   RO         4219    i.I2C_Init          stm32f0xx_i2c.o
    0x08006ff4   0x08006ff4   0x00000006   Code   RO         4225    i.I2C_ReceiveData   stm32f0xx_i2c.o
    0x08006ffa   0x08006ffa   0x00000004   Code   RO         4228    i.I2C_SendData      stm32f0xx_i2c.o
    0x08006ffe   0x08006ffe   0x00000002   PAD
    0x08007000   0x08007000   0x00000020   Code   RO         4237    i.I2C_TransferHandling  stm32f0xx_i2c.o
    0x08007020   0x08007020   0x00000040   Code   RO          767    i.IIC_Ack_SEE       eeprom.o
    0x08007060   0x08007060   0x00000040   Code   RO          768    i.IIC_NAck_SEE      eeprom.o
    0x080070a0   0x080070a0   0x00000060   Code   RO          769    i.IIC_Read_Byte_SEE  eeprom.o
    0x08007100   0x08007100   0x0000006c   Code   RO          770    i.IIC_Send_Byte_SEE  eeprom.o
    0x0800716c   0x0800716c   0x00000044   Code   RO          771    i.IIC_Start_SEE     eeprom.o
    0x080071b0   0x080071b0   0x00000048   Code   RO          772    i.IIC_Stop_SEE      eeprom.o
    0x080071f8   0x080071f8   0x00000050   Code   RO          773    i.IIC_Wait_Ack_SEE  eeprom.o
    0x08007248   0x08007248   0x00000004   Code   RO         2271    i.IORecover_DeepMode  sleepdeal.o
    0x0800724c   0x0800724c   0x00000004   Code   RO         2272    i.IORecover_NormalMode  sleepdeal.o
    0x08007250   0x08007250   0x00000004   Code   RO         2273    i.IORecover_RTCMode  sleepdeal.o
    0x08007254   0x08007254   0x00000058   Code   RO         2275    i.IOstatus_Base     sleepdeal.o
    0x080072ac   0x080072ac   0x00000038   Code   RO         2276    i.IOstatus_DeepMode  sleepdeal.o
    0x080072e4   0x080072e4   0x00000038   Code   RO         2277    i.IOstatus_NormalMode  sleepdeal.o
    0x0800731c   0x0800731c   0x00000030   Code   RO         2278    i.IOstatus_RTCMode  sleepdeal.o
    0x0800734c   0x0800734c   0x00000010   Code   RO         4462    i.IWDG_Enable       stm32f0xx_iwdg.o
    0x0800735c   0x0800735c   0x00000010   Code   RO         4464    i.IWDG_ReloadCounter  stm32f0xx_iwdg.o
    0x0800736c   0x0800736c   0x0000000c   Code   RO         4465    i.IWDG_SetPrescaler  stm32f0xx_iwdg.o
    0x08007378   0x08007378   0x0000000c   Code   RO         4466    i.IWDG_SetReload    stm32f0xx_iwdg.o
    0x08007384   0x08007384   0x0000000c   Code   RO         4468    i.IWDG_WriteAccessCmd  stm32f0xx_iwdg.o
    0x08007390   0x08007390   0x0000003c   Code   RO          336    i.InitADC           adc.o
    0x080073cc   0x080073cc   0x00000088   Code   RO          337    i.InitADC_ADC1      adc.o
    0x08007454   0x08007454   0x00000064   Code   RO          338    i.InitADC_DMA       adc.o
    0x080074b8   0x080074b8   0x0000003c   Code   RO          339    i.InitADC_GPIO      adc.o
    0x080074f4   0x080074f4   0x0000004c   Code   RO          340    i.InitADC_TIMER     adc.o
    0x08007540   0x08007540   0x00000088   Code   RO         1280    i.InitAFE1          i2c_afe1.o
    0x080075c8   0x080075c8   0x0000002c   Code   RO         1457    i.InitData_Drivers  io_control.o
    0x080075f4   0x080075f4   0x00000068   Code   RO          774    i.InitData_E2prom   eeprom.o
    0x0800765c   0x0800765c   0x00000068   Code   RO         2506    i.InitData_SOC      soc.o
    0x080076c4   0x080076c4   0x00000064   Code   RO         2550    i.InitDelay         system_init.o
    0x08007728   0x08007728   0x00000048   Code   RO         1664    i.InitDevice        main.o
    0x08007770   0x08007770   0x00000130   Code   RO         6442    i.InitDrivers_GPIO  IODrivers_030.lib(iodrivers_030.o)
    0x080078a0   0x080078a0   0x00000044   Code   RO          775    i.InitE2PROM        eeprom.o
    0x080078e4   0x080078e4   0x0000001e   Code   RO         1179    i.InitHeat_Cool     heat_cool.o
    0x08007902   0x08007902   0x00000002   PAD
    0x08007904   0x08007904   0x000000a4   Code   RO         2551    i.InitIO            system_init.o
    0x080079a8   0x080079a8   0x00000054   Code   RO         1458    i.InitMosRelay_DOx  io_control.o
    0x080079fc   0x080079fc   0x00000074   Code   RO         1732    i.InitProID         productionid.o
    0x08007a70   0x08007a70   0x000000a4   Code   RO         1958    i.InitSCI1_CommonUpper  sci_upper.o
    0x08007b14   0x08007b14   0x000000a0   Code   RO         1959    i.InitSCI2_CommonUpper  sci_upper.o
    0x08007bb4   0x08007bb4   0x00000088   Code   RO         6761    i.InitSOC_IntEnhance  SocIntegral_030.lib(socintegral_030.o)
    0x08007c3c   0x08007c3c   0x0000000c   Code   RO         1665    i.InitSci           main.o
    0x08007c48   0x08007c48   0x00000134   Code   RO         2618    i.InitSystemMonitorData_EEPROM  system_monitor.o
    0x08007d7c   0x08007d7c   0x0000001a   Code   RO         1666    i.InitSystemWakeUp  main.o
    0x08007d96   0x08007d96   0x00000002   PAD
    0x08007d98   0x08007d98   0x00000064   Code   RO         2552    i.InitTimer         system_init.o
    0x08007dfc   0x08007dfc   0x0000000c   Code   RO         1960    i.InitUSART_CommonUpper  sci_upper.o
    0x08007e08   0x08007e08   0x00000002   Code   RO         2671    i.InitUSART_UartClient  uart_client.o
    0x08007e0a   0x08007e0a   0x00000002   PAD
    0x08007e0c   0x08007e0c   0x00000108   Code   RO         1667    i.InitVar           main.o
    0x08007f14   0x08007f14   0x00000090   Code   RO         2280    i.InitWakeUp_Base   sleepdeal.o
    0x08007fa4   0x08007fa4   0x00000008   Code   RO         2281    i.InitWakeUp_DeepMode  sleepdeal.o
    0x08007fac   0x08007fac   0x00000050   Code   RO         2282    i.InitWakeUp_NormalMode  sleepdeal.o
    0x08007ffc   0x08007ffc   0x00000010   Code   RO         2283    i.InitWakeUp_RTCMode  sleepdeal.o
    0x0800800c   0x0800800c   0x00000014   Code   RO          618    i.Init_ChargerLoad_Det  chargerloadfunc.o
    0x08008020   0x08008020   0x00000050   Code   RO          619    i.Init_Charger_AllSeries  chargerloadfunc.o
    0x08008070   0x08008070   0x00000030   Code   RO         1125    i.Init_IAPAPP       flash.o
    0x080080a0   0x080080a0   0x0000002c   Code   RO         2553    i.Init_IWDG         system_init.o
    0x080080cc   0x080080cc   0x00000020   Code   RO         1886    i.Init_RTC          rtc.o
    0x080080ec   0x080080ec   0x00000010   Code   RO         1888    i.Init_RTC_HaltWakeUp  rtc.o
    0x080080fc   0x080080fc   0x0000001c   Code   RO          694    i.Init_Registers    datadeal.o
    0x08008118   0x08008118   0x0000011c   Code   RO         1283    i.InitialisebqMaximo  i2c_afe1.o
    0x08008234   0x08008234   0x000000a4   Code   RO         2285    i.IsSleepStartUp    sleepdeal.o
    0x080082d8   0x080082d8   0x00000064   Code   RO         1595    i.LogEvent_EEPROM   logrecord.o
    0x0800833c   0x0800833c   0x0000008c   Code   RO         1596    i.LogEvent_Record   logrecord.o
    0x080083c8   0x080083c8   0x00000034   Code   RO         1597    i.LogTime_Map       logrecord.o
    0x080083fc   0x080083fc   0x00000160   Code   RO          695    i.MonitorAFE        datadeal.o
    0x0800855c   0x0800855c   0x00000068   Code   RO         1781    i.Monitor_TempBreak  pubfunc.o
    0x080085c4   0x080085c4   0x000004c0   Code   RO         6450    i.MosCtrl_SameDoor_NoPreChg  IODrivers_030.lib(iodrivers_030.o)
    0x08008a84   0x08008a84   0x00000002   Code   RO           16    i.NMI_Handler       stm32f0xx_it.o
    0x08008a86   0x08008a86   0x00000002   PAD
    0x08008a88   0x08008a88   0x00000050   Code   RO         4518    i.NVIC_Init         stm32f0xx_misc.o
    0x08008ad8   0x08008ad8   0x00000018   Code   RO         2286    i.NVIC_SystemReset  sleepdeal.o
    0x08008af0   0x08008af0   0x0000001c   Code   RO         4550    i.PWR_BackupAccessCmd  stm32f0xx_pwr.o
    0x08008b0c   0x08008b0c   0x00000044   Code   RO         4554    i.PWR_EnterSTOPMode  stm32f0xx_pwr.o
    0x08008b50   0x08008b50   0x00000002   Code   RO           17    i.PendSV_Handler    stm32f0xx_it.o
    0x08008b52   0x08008b52   0x00000002   PAD
    0x08008b54   0x08008b54   0x0000001c   Code   RO         4625    i.RCC_AHBPeriphClockCmd  stm32f0xx_rcc.o
    0x08008b70   0x08008b70   0x0000001c   Code   RO         4627    i.RCC_APB1PeriphClockCmd  stm32f0xx_rcc.o
    0x08008b8c   0x08008b8c   0x0000001c   Code   RO         4629    i.RCC_APB2PeriphClockCmd  stm32f0xx_rcc.o
    0x08008ba8   0x08008ba8   0x0000001c   Code   RO         4630    i.RCC_APB2PeriphResetCmd  stm32f0xx_rcc.o
    0x08008bc4   0x08008bc4   0x00000194   Code   RO         4639    i.RCC_GetClocksFreq  stm32f0xx_rcc.o
    0x08008d58   0x08008d58   0x00000038   Code   RO         4640    i.RCC_GetFlagStatus  stm32f0xx_rcc.o
    0x08008d90   0x08008d90   0x00000020   Code   RO         4651    i.RCC_LSEConfig     stm32f0xx_rcc.o
    0x08008db0   0x08008db0   0x00000020   Code   RO         4653    i.RCC_LSICmd        stm32f0xx_rcc.o
    0x08008dd0   0x08008dd0   0x00000020   Code   RO         4659    i.RCC_RTCCLKCmd     stm32f0xx_rcc.o
    0x08008df0   0x08008df0   0x00000010   Code   RO         4660    i.RCC_RTCCLKConfig  stm32f0xx_rcc.o
    0x08008e00   0x08008e00   0x00000054   Code   RO         4886    i.RTC_AlarmCmd      stm32f0xx_rtc.o
    0x08008e54   0x08008e54   0x0000007c   Code   RO         1889    i.RTC_AlarmConfig   rtc.o
    0x08008ed0   0x08008ed0   0x00000010   Code   RO         4889    i.RTC_Bcd2ToByte    stm32f0xx_rtc.o
    0x08008ee0   0x08008ee0   0x00000018   Code   RO         4891    i.RTC_ByteToBcd2    stm32f0xx_rtc.o
    0x08008ef8   0x08008ef8   0x0000001c   Code   RO         4895    i.RTC_ClearITPendingBit  stm32f0xx_rtc.o
    0x08008f14   0x08008f14   0x000000c0   Code   RO         1890    i.RTC_ClockConfig   rtc.o
    0x08008fd4   0x08008fd4   0x00000044   Code   RO         4899    i.RTC_EnterInitMode  stm32f0xx_rtc.o
    0x08009018   0x08009018   0x00000010   Code   RO         4900    i.RTC_ExitInitMode  stm32f0xx_rtc.o
    0x08009028   0x08009028   0x0000003c   Code   RO         4905    i.RTC_GetITStatus   stm32f0xx_rtc.o
    0x08009064   0x08009064   0x0000003c   Code   RO         1891    i.RTC_IRQHandler    rtc.o
    0x080090a0   0x080090a0   0x00000040   Code   RO         4912    i.RTC_ITConfig      stm32f0xx_rtc.o
    0x080090e0   0x080090e0   0x00000048   Code   RO         4913    i.RTC_Init          stm32f0xx_rtc.o
    0x08009128   0x08009128   0x000000ac   Code   RO         4918    i.RTC_SetAlarm      stm32f0xx_rtc.o
    0x080091d4   0x080091d4   0x000000a4   Code   RO         4919    i.RTC_SetDate       stm32f0xx_rtc.o
    0x08009278   0x08009278   0x000000a4   Code   RO         4920    i.RTC_SetTime       stm32f0xx_rtc.o
    0x0800931c   0x0800931c   0x0000004c   Code   RO         1892    i.RTC_TimeConfig    rtc.o
    0x08009368   0x08009368   0x00000050   Code   RO         4934    i.RTC_WaitForSynchro  stm32f0xx_rtc.o
    0x080093b8   0x080093b8   0x00000084   Code   RO          776    i.ReadEEPROM_Byte   eeprom.o
    0x0800943c   0x0800943c   0x00000278   Code   RO          777    i.ReadEEPROM_ByteData_StartUp  eeprom.o
    0x080096b4   0x080096b4   0x00000078   Code   RO         1598    i.ReadEEPROM_EventRecord_Parameters  logrecord.o
    0x0800972c   0x0800972c   0x0000001a   Code   RO          779    i.ReadEEPROM_Word_NoZone  eeprom.o
    0x08009746   0x08009746   0x000000a6   Code   RO          780    i.ReadEEPROM_Word_WithZone  eeprom.o
    0x080097ec   0x080097ec   0x00000150   Code   RO         1459    i.RefreshData_Drivers  io_control.o
    0x0800993c   0x0800993c   0x00000020   Code   RO         2507    i.RefreshData_SOC   soc.o
    0x0800995c   0x0800995c   0x00000118   Code   RO         6763    i.SOC_Cont_AH_Int_CHG  SocIntegral_030.lib(socintegral_030.o)
    0x08009a74   0x08009a74   0x00000124   Code   RO         6764    i.SOC_Cont_AH_Int_DSG  SocIntegral_030.lib(socintegral_030.o)
    0x08009b98   0x08009b98   0x000001e8   Code   RO         6766    i.SOC_DealEEPROM_Data  SocIntegral_030.lib(socintegral_030.o)
    0x08009d80   0x08009d80   0x00000150   Code   RO         6767    i.SOC_EEPROM_Deal_Monitor  SocIntegral_030.lib(socintegral_030.o)
    0x08009ed0   0x08009ed0   0x00000058   Code   RO         6768    i.SOC_IntEnhance_Ctrl  SocIntegral_030.lib(socintegral_030.o)
    0x08009f28   0x08009f28   0x0000006c   Code   RO         6770    i.SOC_RefreshData_Monitor  SocIntegral_030.lib(socintegral_030.o)
    0x08009f94   0x08009f94   0x000000ac   Code   RO         6771    i.SOC_Result_Pass   SocIntegral_030.lib(socintegral_030.o)
    0x0800a040   0x0800a040   0x000000c8   Code   RO         6772    i.SOC_State_Transfer  SocIntegral_030.lib(socintegral_030.o)
    0x0800a108   0x0800a108   0x00000194   Code   RO         6773    i.SOC_Update_StartUp  SocIntegral_030.lib(socintegral_030.o)
    0x0800a29c   0x0800a29c   0x00000002   Code   RO           18    i.SVC_Handler       stm32f0xx_it.o
    0x0800a29e   0x0800a29e   0x00000002   PAD
    0x0800a2a0   0x0800a2a0   0x00000028   Code   RO         5420    i.SYSCFG_EXTILineConfig  stm32f0xx_syscfg.o
    0x0800a2c8   0x0800a2c8   0x00000014   Code   RO         5425    i.SYSCFG_MemoryRemapConfig  stm32f0xx_syscfg.o
    0x0800a2dc   0x0800a2dc   0x00000064   Code   RO         1961    i.Sci1_CommonUpper_FaultChk  sci_upper.o
    0x0800a340   0x0800a340   0x000000cc   Code   RO         1962    i.Sci1_CommonUpper_Rx_Deal  sci_upper.o
    0x0800a40c   0x0800a40c   0x00000090   Code   RO         1963    i.Sci1_CommonUpper_Tx_Deal  sci_upper.o
    0x0800a49c   0x0800a49c   0x00000064   Code   RO         1964    i.Sci2_CommonUpper_FaultChk  sci_upper.o
    0x0800a500   0x0800a500   0x000000cc   Code   RO         1965    i.Sci2_CommonUpper_Rx_Deal  sci_upper.o
    0x0800a5cc   0x0800a5cc   0x00000090   Code   RO         1966    i.Sci2_CommonUpper_Tx_Deal  sci_upper.o
    0x0800a65c   0x0800a65c   0x000000ec   Code   RO         1967    i.Sci_ACK_0x03      sci_upper.o
    0x0800a748   0x0800a748   0x00000040   Code   RO         1968    i.Sci_ACK_0x03_RW_Data_Cali  sci_upper.o
    0x0800a788   0x0800a788   0x000000bc   Code   RO         1969    i.Sci_ACK_0x03_RW_Data_Other  sci_upper.o
    0x0800a844   0x0800a844   0x0000004c   Code   RO         1970    i.Sci_ACK_0x03_RW_Data_OtherCanAdd  sci_upper.o
    0x0800a890   0x0800a890   0x00000028   Code   RO         1971    i.Sci_ACK_0x03_RW_Data_Pro  sci_upper.o
    0x0800a8b8   0x0800a8b8   0x0000026c   Code   RO         1972    i.Sci_ACK_0x03_ReadRegs_Data  sci_upper.o
    0x0800ab24   0x0800ab24   0x00000040   Code   RO         1599    i.Sci_ACK_0x03_ReadRegs_EventRecord  logrecord.o
    0x0800ab64   0x0800ab64   0x0000014c   Code   RO         1973    i.Sci_ACK_0x03_ReadRegs_LCD  sci_upper.o
    0x0800acb0   0x0800acb0   0x00000048   Code   RO         1974    i.Sci_ACK_0x06_0x10  sci_upper.o
    0x0800acf8   0x0800acf8   0x00000034   Code   RO         1783    i.Sci_CRC16RTU      pubfunc.o
    0x0800ad2c   0x0800ad2c   0x00000030   Code   RO         1975    i.Sci_DataInit      sci_upper.o
    0x0800ad5c   0x0800ad5c   0x00000094   Code   RO         1976    i.Sci_Deal_ReadRegs_0x03  sci_upper.o
    0x0800adf0   0x0800adf0   0x00000094   Code   RO         1977    i.Sci_Deal_WrReg_0x06  sci_upper.o
    0x0800ae84   0x0800ae84   0x00000190   Code   RO         1978    i.Sci_Deal_WrRegs_0x10  sci_upper.o
    0x0800b014   0x0800b014   0x0000004c   Code   RO         1979    i.Sci_WrReg_0x06_BMS_FunctionOFF  sci_upper.o
    0x0800b060   0x0800b060   0x00000104   Code   RO         1980    i.Sci_WrReg_0x06_BMS_FunctionON  sci_upper.o
    0x0800b164   0x0800b164   0x00000118   Code   RO         1981    i.Sci_WrReg_0x06_Reset_CalibCoef  sci_upper.o
    0x0800b27c   0x0800b27c   0x00000040   Code   RO         1600    i.Sci_WrReg_0x06_Reset_EventRecord  logrecord.o
    0x0800b2bc   0x0800b2bc   0x00000058   Code   RO         1982    i.Sci_WrReg_0x06_Reset_HeatCool  sci_upper.o
    0x0800b314   0x0800b314   0x0000008c   Code   RO         1983    i.Sci_WrReg_0x06_Reset_OtherCanAdd  sci_upper.o
    0x0800b3a0   0x0800b3a0   0x00000070   Code   RO         1984    i.Sci_WrReg_0x06_Reset_ProtectElement  sci_upper.o
    0x0800b410   0x0800b410   0x00000074   Code   RO         1985    i.Sci_WrReg_0x06_Reset_ProtectRecord  sci_upper.o
    0x0800b484   0x0800b484   0x00000024   Code   RO         1986    i.Sci_WrReg_0x06_SetSocOnce  sci_upper.o
    0x0800b4a8   0x0800b4a8   0x00000002   Code   RO         1987    i.Sci_WrReg_0x06_SwitchOFF  sci_upper.o
    0x0800b4aa   0x0800b4aa   0x00000002   Code   RO         1988    i.Sci_WrReg_0x06_SwitchON  sci_upper.o
    0x0800b4ac   0x0800b4ac   0x00000060   Code   RO         1989    i.Sci_WrRegs_0x10_Balance  sci_upper.o
    0x0800b50c   0x0800b50c   0x000000a4   Code   RO         1990    i.Sci_WrRegs_0x10_CalibCoef  sci_upper.o
    0x0800b5b0   0x0800b5b0   0x00000002   Code   RO         1991    i.Sci_WrRegs_0x10_CopperLoss  sci_upper.o
    0x0800b5b2   0x0800b5b2   0x00000002   PAD
    0x0800b5b4   0x0800b5b4   0x0000003c   Code   RO         1992    i.Sci_WrRegs_0x10_FlashConnect  sci_upper.o
    0x0800b5f0   0x0800b5f0   0x0000004c   Code   RO         1993    i.Sci_WrRegs_0x10_HeatCoolElement  sci_upper.o
    0x0800b63c   0x0800b63c   0x00000084   Code   RO         1994    i.Sci_WrRegs_0x10_Protect  sci_upper.o
    0x0800b6c0   0x0800b6c0   0x00000002   Code   RO         1995    i.Sci_WrRegs_0x10_RTC  sci_upper.o
    0x0800b6c2   0x0800b6c2   0x00000002   PAD
    0x0800b6c4   0x0800b6c4   0x000000b4   Code   RO         1996    i.Sci_WrRegs_0x10_SN_Version  sci_upper.o
    0x0800b778   0x0800b778   0x00000068   Code   RO         1997    i.Sci_WrRegs_0x10_SleepElement  sci_upper.o
    0x0800b7e0   0x0800b7e0   0x00000068   Code   RO         1998    i.Sci_WrRegs_0x10_SocElement  sci_upper.o
    0x0800b848   0x0800b848   0x00000002   Code   RO         1999    i.Sci_WrRegs_0x10_SocTable  sci_upper.o
    0x0800b84a   0x0800b84a   0x00000002   PAD
    0x0800b84c   0x0800b84c   0x0000005c   Code   RO         2000    i.Sci_WrRegs_0x10_SysOther  sci_upper.o
    0x0800b8a8   0x0800b8a8   0x00000080   Code   RO         2001    i.Sci_WrRegs_0x10_SystemElement  sci_upper.o
    0x0800b928   0x0800b928   0x00000070   Code   RO          292    i.SetSysClock       system_stm32f0xx.o
    0x0800b998   0x0800b998   0x00000048   Code   RO         2287    i.SleepDeal_CBC     sleepdeal.o
    0x0800b9e0   0x0800b9e0   0x000000e4   Code   RO         2288    i.SleepDeal_Continue  sleepdeal.o
    0x0800bac4   0x0800bac4   0x00000054   Code   RO         2289    i.SleepDeal_Forced  sleepdeal.o
    0x0800bb18   0x0800bb18   0x000000e8   Code   RO         2290    i.SleepDeal_Normal_L1  sleepdeal.o
    0x0800bc00   0x0800bc00   0x000000e8   Code   RO         2291    i.SleepDeal_Normal_L2  sleepdeal.o
    0x0800bce8   0x0800bce8   0x000000cc   Code   RO         2292    i.SleepDeal_Normal_L3  sleepdeal.o
    0x0800bdb4   0x0800bdb4   0x00000088   Code   RO         2293    i.SleepDeal_Normal_Select  sleepdeal.o
    0x0800be3c   0x0800be3c   0x00000048   Code   RO         2294    i.SleepDeal_OverCurrent  sleepdeal.o
    0x0800be84   0x0800be84   0x0000007c   Code   RO         2295    i.SleepDeal_Shift   sleepdeal.o
    0x0800bf00   0x0800bf00   0x0000002c   Code   RO         2296    i.SleepDeal_Test    sleepdeal.o
    0x0800bf2c   0x0800bf2c   0x00000002   Code   RO         2297    i.SleepDeal_VcellOVP  sleepdeal.o
    0x0800bf2e   0x0800bf2e   0x00000002   PAD
    0x0800bf30   0x0800bf30   0x00000048   Code   RO         2298    i.SleepDeal_VcellUVP  sleepdeal.o
    0x0800bf78   0x0800bf78   0x00000002   Code   RO         2299    i.SleepDeal_Vdelta  sleepdeal.o
    0x0800bf7a   0x0800bf7a   0x00000002   Code   RO           19    i.SysTick_Handler   stm32f0xx_it.o
    0x0800bf7c   0x0800bf7c   0x0000003c   Code   RO         2619    i.Sys_FindProtectFilterMax  system_monitor.o
    0x0800bfb8   0x0800bfb8   0x0000003c   Code   RO         2790    i.Sys_FindProtectFilterMax_Real  bq769x0_func.o
    0x0800bff4   0x0800bff4   0x0000000c   Code   RO         2302    i.Sys_StopMode      sleepdeal.o
    0x0800c000   0x0800c000   0x00000060   Code   RO          294    i.SystemInit        system_stm32f0xx.o
    0x0800c060   0x0800c060   0x00000068   Code   RO         2620    i.SystemMonitorResetData_EEPROM  system_monitor.o
    0x0800c0c8   0x0800c0c8   0x000001e0   Code   RO         2621    i.System_ERROR_UserCallback  system_monitor.o
    0x0800c2a8   0x0800c2a8   0x0000017c   Code   RO         2622    i.System_FUNC_StartUp  system_monitor.o
    0x0800c424   0x0800c424   0x00000064   Code   RO         2554    i.TIM17_IRQHandler  system_init.o
    0x0800c488   0x0800c488   0x0000000c   Code   RO         1284    i.TIMEOUT_UserCallback  i2c_afe1.o
    0x0800c494   0x0800c494   0x00000006   Code   RO         5501    i.TIM_ClearITPendingBit  stm32f0xx_tim.o
    0x0800c49a   0x0800c49a   0x00000018   Code   RO         5506    i.TIM_Cmd           stm32f0xx_tim.o
    0x0800c4b2   0x0800c4b2   0x00000018   Code   RO         5527    i.TIM_GetITStatus   stm32f0xx_tim.o
    0x0800c4ca   0x0800c4ca   0x00000014   Code   RO         5531    i.TIM_ITConfig      stm32f0xx_tim.o
    0x0800c4de   0x0800c4de   0x00000010   Code   RO         5565    i.TIM_SelectOutputTrigger  stm32f0xx_tim.o
    0x0800c4ee   0x0800c4ee   0x00000004   Code   RO         5569    i.TIM_SetCompare1   stm32f0xx_tim.o
    0x0800c4f2   0x0800c4f2   0x00000004   Code   RO         5570    i.TIM_SetCompare2   stm32f0xx_tim.o
    0x0800c4f6   0x0800c4f6   0x00000002   PAD
    0x0800c4f8   0x0800c4f8   0x00000074   Code   RO         5579    i.TIM_TimeBaseInit  stm32f0xx_tim.o
    0x0800c56c   0x0800c56c   0x00000034   Code   RO           20    i.USART1_IRQHandler  stm32f0xx_it.o
    0x0800c5a0   0x0800c5a0   0x00000034   Code   RO           21    i.USART2_IRQHandler  stm32f0xx_it.o
    0x0800c5d4   0x0800c5d4   0x00000018   Code   RO         6065    i.USART_Cmd         stm32f0xx_usart.o
    0x0800c5ec   0x0800c5ec   0x0000003c   Code   RO         6074    i.USART_GetITStatus  stm32f0xx_usart.o
    0x0800c628   0x0800c628   0x0000002e   Code   RO         6076    i.USART_ITConfig    stm32f0xx_usart.o
    0x0800c656   0x0800c656   0x00000002   PAD
    0x0800c658   0x0800c658   0x000000b0   Code   RO         6077    i.USART_Init        stm32f0xx_usart.o
    0x0800c708   0x0800c708   0x000000f8   Code   RO         1286    i.UpdateVoltageFromBqMaximo_Partition  i2c_afe1.o
    0x0800c800   0x0800c800   0x0000007e   Code   RO          781    i.WriteEEPROM_Byte  eeprom.o
    0x0800c87e   0x0800c87e   0x00000002   PAD
    0x0800c880   0x0800c880   0x00000198   Code   RO          782    i.WriteEEPROM_ByteData_Circle  eeprom.o
    0x0800ca18   0x0800ca18   0x00000056   Code   RO          784    i.WriteEEPROM_Word_NoZone  eeprom.o
    0x0800ca6e   0x0800ca6e   0x0000003e   Code   RO          785    i.WriteEEPROM_Word_WithZone  eeprom.o
    0x0800caac   0x0800caac   0x0000009c   Code   RO         1733    i.WriteProID        productionid.o
    0x0800cb48   0x0800cb48   0x00000080   Code   RO         1734    i.WriteProID_Default  productionid.o
    0x0800cbc8   0x0800cbc8   0x0000001a   Code   RO          598    i.__ARM_common_switch8  cell_balance.o
    0x0800cbe2   0x0800cbe2   0x00000002   PAD
    0x0800cbe4   0x0800cbe4   0x00000038   Code   RO         2555    i.__delay_ms        system_init.o
    0x0800cc1c   0x0800cc1c   0x00000038   Code   RO         2556    i.__delay_us        system_init.o
    0x0800cc54   0x0800cc54   0x0000004e   Code   RO         1669    i.main              main.o
    0x0800cca2   0x0800cca2   0x00000000   Code   RO         7014    x$fpl$usenofp       fz_ps.l(usenofp.o)
    0x0800cca2   0x0800cca2   0x00000070   Data   RO          342    .constdata          adc.o
    0x0800cd12   0x0800cd12   0x00000002   PAD
    0x0800cd14   0x0800cd14   0x00000588   Data   RO          786    .constdata          eeprom.o
    0x0800d29c   0x0800d29c   0x00000004   Data   RO         1288    .constdata          i2c_afe1.o
    0x0800d2a0   0x0800d2a0   0x00000004   Data   RO         1289    .constdata          i2c_afe1.o
    0x0800d2a4   0x0800d2a4   0x00000070   Data   RO         1296    .constdata          i2c_afe1.o
    0x0800d314   0x0800d314   0x00000100   Data   RO         1670    .constdata          main.o
    0x0800d414   0x0800d414   0x000000f4   Data   RO         2003    .constdata          sci_upper.o
    0x0800d508   0x0800d508   0x000000fc   Data   RO         6775    .constdata          SocIntegral_030.lib(socintegral_030.o)
    0x0800d604   0x0800d604   0x00000080   Data   RO         6996    .constdata          fz_ps.l(ddiv.o)
    0x0800d684   0x0800d684   0x00000040   Data   RO         7005    .constdata          fz_ps.l(fdiv.o)
    0x0800d6c4   0x0800d6c4   0x00000020   Data   RO         7177    Region$$Table       anon$$obj.o


    Execution Region RW_IRAM1 (Exec base: 0x200000c0, Load base: 0x0800d6e4, Size: 0x000017f8, Max: 0x00001f40, ABSOLUTE, COMPRESSED[0x00000034])

    Exec Addr    Load Addr    Size         Type   Attr      Idx    E Section Name        Object

    0x200000c0   COMPRESSED   0x00000014   Data   RW          295    .data               system_stm32f0xx.o
    0x200000d4   COMPRESSED   0x00000006   Data   RW          343    .data               adc.o
    0x200000da   COMPRESSED   0x00000012   Data   RW          541    .data               cell_balance.o
    0x200000ec   COMPRESSED   0x00000006   Data   RW          622    .data               chargerloadfunc.o
    0x200000f2   COMPRESSED   0x00000002   PAD
    0x200000f4   COMPRESSED   0x00000010   Data   RW          698    .data               datadeal.o
    0x20000104   COMPRESSED   0x00000020   Data   RW          787    .data               eeprom.o
    0x20000124   COMPRESSED   0x00000002   Data   RW          953    .data               fault.o
    0x20000126   COMPRESSED   0x00000002   Data   RW          954    .data               fault.o
    0x20000128   COMPRESSED   0x00000002   Data   RW          955    .data               fault.o
    0x2000012a   COMPRESSED   0x0000003e   Data   RW          956    .data               fault.o
    0x20000168   COMPRESSED   0x00000002   Data   RW          957    .data               fault.o
    0x2000016a   COMPRESSED   0x0000000a   Data   RW         1181    .data               heat_cool.o
    0x20000174   COMPRESSED   0x00000004   Data   RW         1297    .data               i2c_afe1.o
    0x20000178   COMPRESSED   0x00000002   Data   RW         1463    .data               io_control.o
    0x2000017a   COMPRESSED   0x00000002   PAD
    0x2000017c   COMPRESSED   0x00000008   Data   RW         1602    .data               logrecord.o
    0x20000184   COMPRESSED   0x00000001   Data   RW         1671    .data               main.o
    0x20000185   COMPRESSED   0x00000001   Data   RW         1736    .data               productionid.o
    0x20000186   COMPRESSED   0x00000003   Data   RW         1785    .data               pubfunc.o
    0x20000189   COMPRESSED   0x00000003   PAD
    0x2000018c   COMPRESSED   0x00000008   Data   RW         1848    .data               pwm.o
    0x20000194   COMPRESSED   0x00000009   Data   RW         1894    .data               rtc.o
    0x2000019d   COMPRESSED   0x00000003   PAD
    0x200001a0   COMPRESSED   0x00000014   Data   RW         2004    .data               sci_upper.o
    0x200001b4   COMPRESSED   0x0000004c   Data   RW         2304    .data               sleepdeal.o
    0x20000200   COMPRESSED   0x00000016   Data   RW         2557    .data               system_init.o
    0x20000216   COMPRESSED   0x00000004   Data   RW         2558    .data               system_init.o
    0x2000021a   COMPRESSED   0x00000002   PAD
    0x2000021c   COMPRESSED   0x0000001c   Data   RW         2624    .data               system_monitor.o
    0x20000238   COMPRESSED   0x0000001e   Data   RW         2791    .data               bq769x0_func.o
    0x20000256   COMPRESSED   0x00000010   Data   RW         4665    .data               stm32f0xx_rcc.o
    0x20000266   COMPRESSED   0x00000002   PAD
    0x20000268   COMPRESSED   0x000000f8   Data   RW         6465    .data               IODrivers_030.lib(iodrivers_030.o)
    0x20000360   COMPRESSED   0x00000034   Data   RW         6776    .data               SocIntegral_030.lib(socintegral_030.o)
    0x20000394        -       0x00000018   Zero   RW          341    .bss                adc.o
    0x200003ac        -       0x00000020   Zero   RW          540    .bss                cell_balance.o
    0x200003cc        -       0x000000fc   Zero   RW          696    .bss                datadeal.o
    0x200004c8        -       0x00000040   Zero   RW          697    .bss                datadeal.o
    0x20000508        -       0x000000fa   Zero   RW          951    .bss                fault.o
    0x20000602        -       0x00000078   Zero   RW          952    .bss                fault.o
    0x2000067a        -       0x00000030   Zero   RW         1180    .bss                heat_cool.o
    0x200006aa   COMPRESSED   0x00000002   PAD
    0x200006ac        -       0x000000ea   Zero   RW         1287    .bss                i2c_afe1.o
    0x20000796        -       0x000000dd   Zero   RW         1601    .bss                logrecord.o
    0x20000873   COMPRESSED   0x00000001   PAD
    0x20000874        -       0x00000070   Zero   RW         1735    .bss                productionid.o
    0x200008e4        -       0x00000034   Zero   RW         1893    .bss                rtc.o
    0x20000918        -       0x00000386   Zero   RW         2002    .bss                sci_upper.o
    0x20000c9e        -       0x00000054   Zero   RW         2508    .bss                soc.o
    0x20000cf2        -       0x00000018   Zero   RW         2623    .bss                system_monitor.o
    0x20000d0a   COMPRESSED   0x00000002   PAD
    0x20000d0c        -       0x0000003c   Zero   RW         6464    .bss                IODrivers_030.lib(iodrivers_030.o)
    0x20000d48        -       0x0000010c   Zero   RW         6774    .bss                SocIntegral_030.lib(socintegral_030.o)
    0x20000e54        -       0x00000060   Zero   RW         7048    .bss                c_p.l(libspace.o)
    0x20000eb4   COMPRESSED   0x00000004   PAD
    0x20000eb8        -       0x00000200   Zero   RW            2    HEAP                startup_stm32f0xx.o
    0x200010b8        -       0x00000800   Zero   RW            1    STACK               startup_stm32f0xx.o



  Load Region LR$$.ARM.__AT_0x20000000 (Base: 0x20000000, Size: 0x00000000, Max: 0x000000c0, ABSOLUTE)

    Execution Region ER$$.ARM.__AT_0x20000000 (Exec base: 0x20000000, Load base: 0x20000000, Size: 0x000000c0, Max: 0x000000c0, ABSOLUTE, UNINIT)

    Exec Addr    Load Addr    Size         Type   Attr      Idx    E Section Name        Object

    0x20000000        -       0x000000c0   Zero   RW         1126    .ARM.__AT_0x20000000  flash.o


==============================================================================

Image component sizes


      Code (inc. data)   RO Data    RW Data    ZI Data      Debug   Object Name

       588         72        112          6         24     202567   adc.o
       884         92          0         30          0       4643   bq769x0_func.o
      1294        156          0         18         32       8409   cell_balance.o
       322         28          0          6          0       4410   chargerloadfunc.o
      1524        194          0         16        316      10630   datadeal.o
      2810        236       1416         32          0      15765   eeprom.o
      5182        462          0         70        370      26549   fault.o
       148         22          0          0        192       8416   flash.o
       738        156          0         10         48       9087   heat_cool.o
      1732        102        120          4        234      12928   i2c_afe1.o
       596         74          0          2          0       3680   io_control.o
       992         78          0          8        221       6918   logrecord.o
       512         94        256          1          0       4083   main.o
       440         60          0          1        112       3377   productionid.o
       594         14          0          3          0       5522   pubfunc.o
       136         26          0          8          0        976   pwm.o
       500         36          0          9         52       5217   rtc.o
      6354        680        244         20        902      48448   sci_upper.o
      2440        194          0         76          0      19159   sleepdeal.o
       284         64          0          0         84       2507   soc.o
        56         26        192          0       2560        676   startup_stm32f0xx.o
       274         10          0          0          0       7299   stm32f0xx_adc.o
       366         20          0          0          0       4455   stm32f0xx_dma.o
       140         16          0          0          0       2344   stm32f0xx_exti.o
       240         38          0          0          0       4291   stm32f0xx_flash.o
       152          0          0          0          0       3003   stm32f0xx_gpio.o
       210         12          0          0          0       5684   stm32f0xx_i2c.o
       310         56          0          0          0     112963   stm32f0xx_it.o
        68         34          0          0          0       2630   stm32f0xx_iwdg.o
        80          8          0          0          0       1064   stm32f0xx_misc.o
        96         12          0          0          0       1262   stm32f0xx_pwr.o
       684         84          0         16          0       7535   stm32f0xx_rcc.o
      1012         62          0          0          0       9938   stm32f0xx_rtc.o
        60         12          0          0          0       1271   stm32f0xx_syscfg.o
       214         28          0          0          0       5580   stm32f0xx_tim.o
       306         20          0          0          0       4106   stm32f0xx_usart.o
      1092        114          0         26          0       8299   system_init.o
      1332        126          0         28         24      11113   system_monitor.o
       208         28          0         20          0       1769   system_stm32f0xx.o
         4          0          0          0          0        899   uart_client.o

    ----------------------------------------------------------------------
     35032       3546       2374        424       5176     599472   Object Totals
         0          0         32          0          0          0   (incl. Generated)
        58          0          2         14          5          0   (incl. Padding)

    ----------------------------------------------------------------------

      Code (inc. data)   RO Data    RW Data    ZI Data      Debug   Library Member Name

      1754         72          0        248         60     192475   iodrivers_030.o
      4574        316        252         52        268     177262   socintegral_030.o
        58          0          0          0          0          0   __dczerorl.o
         8          0          0          0          0         68   __main.o
         0          0          0          0          0          0   __rtentry.o
        12          0          0          0          0          0   __rtentry2.o
         6          0          0          0          0          0   __rtentry4.o
        60          8          0          0          0          0   __scatter.o
        28          0          0          0          0          0   __scatter_zi.o
       346          0          0          0          0         92   aeabi_sdiv.o
        16          0          0          0          0         68   exit.o
         6          0          0          0          0        136   heapauxi.o
         0          0          0          0          0          0   indicate_semi.o
         2          0          0          0          0          0   libinit.o
         2          0          0          0          0          0   libinit2.o
         2          0          0          0          0          0   libshutdown.o
         2          0          0          0          0          0   libshutdown2.o
         8          4          0          0         96         68   libspace.o
        64          0          0          0          0        108   rt_memclr.o
       186          0          0          0          0        144   rt_memcpy.o
         2          0          0          0          0          0   rtexit.o
        10          0          0          0          0          0   rtexit2.o
        12          4          0          0          0         60   sys_exit.o
        62          0          0          0          0         80   sys_stackheap_outer.o
         2          0          0          0          0         68   use_no_semi.o
       124          4          0          0          0         72   d2f.o
       856         20          0          0          0        208   daddsub.o
      1096         26        128          0          0        112   ddiv.o
        72          4          0          0          0         68   dfixui.o
        88          0          0          0          0         92   dflti.o
        84          4          0          0          0         60   f2d.o
       352         10         64          0          0         92   fdiv.o
        94          0          0          0          0         92   fflti.o
         0          0          0          0          0          0   usenofp.o

    ----------------------------------------------------------------------
      9994        472        444        300        428     371425   Library Totals
         6          0          0          0          4          0   (incl. Padding)

    ----------------------------------------------------------------------

      Code (inc. data)   RO Data    RW Data    ZI Data      Debug   Library Name

      1754         72          0        248         60     192475   IODrivers_030.lib
      4574        316        252         52        268     177262   SocIntegral_030.lib
       894         16          0          0         96        892   c_p.l
      2766         68        192          0          0        796   fz_ps.l

    ----------------------------------------------------------------------
      9994        472        444        300        428     371425   Library Totals

    ----------------------------------------------------------------------

==============================================================================


      Code (inc. data)   RO Data    RW Data    ZI Data      Debug   

     45026       4018       2818        724       5604     954381   Grand Totals
     45026       4018       2818         52       5604     954381   ELF Image Totals (compressed)
     45026       4018       2818         52          0          0   ROM Totals

==============================================================================

    Total RO  Size (Code + RO Data)                47844 (  46.72kB)
    Total RW  Size (RW Data + ZI Data)              6328 (   6.18kB)
    Total ROM Size (Code + RO Data + RW Data)      47896 (  46.77kB)

==============================================================================

